Archive member included to satisfy reference by file (symbol)

C:/ST/STM32CubeIDE_1.17.0/STM32CubeIDE/plugins/com.st.stm32cube.ide.mcu.externaltools.gnu-tools-for-stm32.12.3.rel1.win32_1.1.0.202410251130/tools/bin/../lib/gcc/arm-none-eabi/12.3.1/../../../../arm-none-eabi/lib/thumb/v7e-m+fp/hard\libc_nano.a(libc_a-exit.o)
                              C:/ST/STM32CubeIDE_1.17.0/STM32CubeIDE/plugins/com.st.stm32cube.ide.mcu.externaltools.gnu-tools-for-stm32.12.3.rel1.win32_1.1.0.202410251130/tools/bin/../lib/gcc/arm-none-eabi/12.3.1/../../../../arm-none-eabi/lib/thumb/v7e-m+fp/hard/crt0.o (exit)
C:/ST/STM32CubeIDE_1.17.0/STM32CubeIDE/plugins/com.st.stm32cube.ide.mcu.externaltools.gnu-tools-for-stm32.12.3.rel1.win32_1.1.0.202410251130/tools/bin/../lib/gcc/arm-none-eabi/12.3.1/../../../../arm-none-eabi/lib/thumb/v7e-m+fp/hard\libc_nano.a(libc_a-findfp.o)
                              C:/ST/STM32CubeIDE_1.17.0/STM32CubeIDE/plugins/com.st.stm32cube.ide.mcu.externaltools.gnu-tools-for-stm32.12.3.rel1.win32_1.1.0.202410251130/tools/bin/../lib/gcc/arm-none-eabi/12.3.1/../../../../arm-none-eabi/lib/thumb/v7e-m+fp/hard\libc_nano.a(libc_a-exit.o) (__stdio_exit_handler)
C:/ST/STM32CubeIDE_1.17.0/STM32CubeIDE/plugins/com.st.stm32cube.ide.mcu.externaltools.gnu-tools-for-stm32.12.3.rel1.win32_1.1.0.202410251130/tools/bin/../lib/gcc/arm-none-eabi/12.3.1/../../../../arm-none-eabi/lib/thumb/v7e-m+fp/hard\libc_nano.a(libc_a-fwalk.o)
                              C:/ST/STM32CubeIDE_1.17.0/STM32CubeIDE/plugins/com.st.stm32cube.ide.mcu.externaltools.gnu-tools-for-stm32.12.3.rel1.win32_1.1.0.202410251130/tools/bin/../lib/gcc/arm-none-eabi/12.3.1/../../../../arm-none-eabi/lib/thumb/v7e-m+fp/hard\libc_nano.a(libc_a-findfp.o) (_fwalk_sglue)
C:/ST/STM32CubeIDE_1.17.0/STM32CubeIDE/plugins/com.st.stm32cube.ide.mcu.externaltools.gnu-tools-for-stm32.12.3.rel1.win32_1.1.0.202410251130/tools/bin/../lib/gcc/arm-none-eabi/12.3.1/../../../../arm-none-eabi/lib/thumb/v7e-m+fp/hard\libc_nano.a(libc_a-printf.o)
                              ./Core/Src/main.o (printf)
C:/ST/STM32CubeIDE_1.17.0/STM32CubeIDE/plugins/com.st.stm32cube.ide.mcu.externaltools.gnu-tools-for-stm32.12.3.rel1.win32_1.1.0.202410251130/tools/bin/../lib/gcc/arm-none-eabi/12.3.1/../../../../arm-none-eabi/lib/thumb/v7e-m+fp/hard\libc_nano.a(libc_a-puts.o)
                              ./Core/Src/main.o (puts)
C:/ST/STM32CubeIDE_1.17.0/STM32CubeIDE/plugins/com.st.stm32cube.ide.mcu.externaltools.gnu-tools-for-stm32.12.3.rel1.win32_1.1.0.202410251130/tools/bin/../lib/gcc/arm-none-eabi/12.3.1/../../../../arm-none-eabi/lib/thumb/v7e-m+fp/hard\libc_nano.a(libc_a-snprintf.o)
                              ./Core/WIFI/es_wifi.o (snprintf)
C:/ST/STM32CubeIDE_1.17.0/STM32CubeIDE/plugins/com.st.stm32cube.ide.mcu.externaltools.gnu-tools-for-stm32.12.3.rel1.win32_1.1.0.202410251130/tools/bin/../lib/gcc/arm-none-eabi/12.3.1/../../../../arm-none-eabi/lib/thumb/v7e-m+fp/hard\libc_nano.a(libc_a-sprintf.o)
                              ./Core/Src/main.o (sprintf)
C:/ST/STM32CubeIDE_1.17.0/STM32CubeIDE/plugins/com.st.stm32cube.ide.mcu.externaltools.gnu-tools-for-stm32.12.3.rel1.win32_1.1.0.202410251130/tools/bin/../lib/gcc/arm-none-eabi/12.3.1/../../../../arm-none-eabi/lib/thumb/v7e-m+fp/hard\libc_nano.a(libc_a-sscanf.o)
                              ./Core/Src/main.o (sscanf)
C:/ST/STM32CubeIDE_1.17.0/STM32CubeIDE/plugins/com.st.stm32cube.ide.mcu.externaltools.gnu-tools-for-stm32.12.3.rel1.win32_1.1.0.202410251130/tools/bin/../lib/gcc/arm-none-eabi/12.3.1/../../../../arm-none-eabi/lib/thumb/v7e-m+fp/hard\libc_nano.a(libc_a-stdio.o)
                              C:/ST/STM32CubeIDE_1.17.0/STM32CubeIDE/plugins/com.st.stm32cube.ide.mcu.externaltools.gnu-tools-for-stm32.12.3.rel1.win32_1.1.0.202410251130/tools/bin/../lib/gcc/arm-none-eabi/12.3.1/../../../../arm-none-eabi/lib/thumb/v7e-m+fp/hard\libc_nano.a(libc_a-findfp.o) (__sread)
C:/ST/STM32CubeIDE_1.17.0/STM32CubeIDE/plugins/com.st.stm32cube.ide.mcu.externaltools.gnu-tools-for-stm32.12.3.rel1.win32_1.1.0.202410251130/tools/bin/../lib/gcc/arm-none-eabi/12.3.1/../../../../arm-none-eabi/lib/thumb/v7e-m+fp/hard\libc_nano.a(libc_a-wbuf.o)
                              C:/ST/STM32CubeIDE_1.17.0/STM32CubeIDE/plugins/com.st.stm32cube.ide.mcu.externaltools.gnu-tools-for-stm32.12.3.rel1.win32_1.1.0.202410251130/tools/bin/../lib/gcc/arm-none-eabi/12.3.1/../../../../arm-none-eabi/lib/thumb/v7e-m+fp/hard\libc_nano.a(libc_a-puts.o) (__swbuf_r)
C:/ST/STM32CubeIDE_1.17.0/STM32CubeIDE/plugins/com.st.stm32cube.ide.mcu.externaltools.gnu-tools-for-stm32.12.3.rel1.win32_1.1.0.202410251130/tools/bin/../lib/gcc/arm-none-eabi/12.3.1/../../../../arm-none-eabi/lib/thumb/v7e-m+fp/hard\libc_nano.a(libc_a-wsetup.o)
[...]
Memory Configuration

Name             Origin             Length             Attributes
RAM              0x20000000         0x00018000         xrw
RAM2             0x10000000         0x00008000         xrw
FLASH            0x08000000         0x00100000         xr
*default*        0x00000000         0xffffffff

Linker script and memory map

LOAD C:/ST/STM32CubeIDE_1.17.0/STM32CubeIDE/plugins/com.st.stm32cube.ide.mcu.externaltools.gnu-tools-for-stm32.12.3.rel1.win32_1.1.0.202410251130/tools/bin/../lib/gcc/arm-none-eabi/12.3.1/thumb/v7e-m+fp/hard/crti.o
LOAD C:/ST/STM32CubeIDE_1.17.0/STM32CubeIDE/plugins/com.st.stm32cube.ide.mcu.externaltools.gnu-tools-for-stm32.12.3.rel1.win32_1.1.0.202410251130/tools/bin/../lib/gcc/arm-none-eabi/12.3.1/thumb/v7e-m+fp/hard/crtbegin.o
LOAD C:/ST/STM32CubeIDE_1.17.0/STM32CubeIDE/plugins/com.st.stm32cube.ide.mcu.externaltools.gnu-tools-for-stm32.12.3.rel1.win32_1.1.0.202410251130/tools/bin/../lib/gcc/arm-none-eabi/12.3.1/../../../../arm-none-eabi/lib/thumb/v7e-m+fp/hard/crt0.o
LOAD ./Core/Src/freertos.o
LOAD ./Core/Src/main.o
LOAD ./Core/Src/rc522.o
LOAD ./Core/Src/stm32l4xx_hal_msp.o
LOAD ./Core/Src/stm32l4xx_it.o
LOAD ./Core/Src/syscalls.o
LOAD ./Core/Src/sysmem.o
LOAD ./Core/Src/system_stm32l4xx.o
LOAD ./Core/Startup/startup_stm32l475vgtx.o
LOAD ./Core/WIFI/es_wifi.o
LOAD ./Core/WIFI/es_wifi_io.o
LOAD ./Core/WIFI/wifi.o
LOAD ./Drivers/STM32L4xx_HAL_Driver/Src/stm32l4xx_hal.o
LOAD ./Drivers/STM32L4xx_HAL_Driver/Src/stm32l4xx_hal_cortex.o
LOAD ./Drivers/STM32L4xx_HAL_Driver/Src/stm32l4xx_hal_dfsdm.o
LOAD ./Drivers/STM32L4xx_HAL_Driver/Src/stm32l4xx_hal_dma.o
LOAD ./Drivers/STM32L4xx_HAL_Driver/Src/stm32l4xx_hal_dma_ex.o
LOAD ./Drivers/STM32L4xx_HAL_Driver/Src/stm32l4xx_hal_exti.o
LOAD ./Drivers/STM32L4xx_HAL_Driver/Src/stm32l4xx_hal_flash.o
LOAD ./Drivers/STM32L4xx_HAL_Driver/Src/stm32l4xx_hal_flash_ex.o
LOAD ./Drivers/STM32L4xx_HAL_Driver/Src/stm32l4xx_hal_flash_ramfunc.o
LOAD ./Drivers/STM32L4xx_HAL_Driver/Src/stm32l4xx_hal_gpio.o
LOAD ./Drivers/STM32L4xx_HAL_Driver/Src/stm32l4xx_hal_i2c.o
LOAD ./Drivers/STM32L4xx_HAL_Driver/Src/stm32l4xx_hal_i2c_ex.o
LOAD ./Drivers/STM32L4xx_HAL_Driver/Src/stm32l4xx_hal_pcd.o
LOAD ./Drivers/STM32L4xx_HAL_Driver/Src/stm32l4xx_hal_pcd_ex.o
LOAD ./Drivers/STM32L4xx_HAL_Driver/Src/stm32l4xx_hal_pwr.o
LOAD ./Drivers/STM32L4xx_HAL_Driver/Src/stm32l4xx_hal_pwr_ex.o
LOAD ./Drivers/STM32L4xx_HAL_Driver/Src/stm32l4xx_hal_qspi.o
LOAD ./Drivers/STM32L4xx_HAL_Driver/Src/stm32l4xx_hal_rcc.o
LOAD ./Drivers/STM32L4xx_HAL_Driver/Src/stm32l4xx_hal_rcc_ex.o
LOAD ./Drivers/STM32L4xx_HAL_Driver/Src/stm32l4xx_hal_spi.o
LOAD ./Drivers/STM32L4xx_HAL_Driver/Src/stm32l4xx_hal_spi_ex.o
LOAD ./Drivers/STM32L4xx_HAL_Driver/Src/stm32l4xx_hal_uart.o
LOAD ./Drivers/STM32L4xx_HAL_Driver/Src/stm32l4xx_hal_uart_ex.o
LOAD ./Drivers/STM32L4xx_HAL_Driver/Src/stm32l4xx_ll_usb.o
LOAD ./Middlewares/Third_Party/FreeRTOS/Source/CMSIS_RTOS_V2/cmsis_os2.o
LOAD ./Middlewares/Third_Party/FreeRTOS/Source/croutine.o
LOAD ./Middlewares/Third_Party/FreeRTOS/Source/event_groups.o
LOAD ./Middlewares/Third_Party/FreeRTOS/Source/list.o
LOAD ./Middlewares/Third_Party/FreeRTOS/Source/queue.o
LOAD ./Middlewares/Third_Party/FreeRTOS/Source/stream_buffer.o
LOAD ./Middlewares/Third_Party/FreeRTOS/Source/tasks.o
LOAD ./Middlewares/Third_Party/FreeRTOS/Source/timers.o
LOAD ./Middlewares/Third_Party/FreeRTOS/Source/portable/GCC/ARM_CM4F/port.o
LOAD ./Middlewares/Third_Party/FreeRTOS/Source/portable/MemMang/heap_4.o
START GROUP
LOAD C:/ST/STM32CubeIDE_1.17.0/STM32CubeIDE/plugins/com.st.stm32cube.ide.mcu.externaltools.gnu-tools-for-stm32.12.3.rel1.win32_1.1.0.202410251130/tools/bin/../lib/gcc/arm-none-eabi/12.3.1/../../../../arm-none-eabi/lib/thumb/v7e-m+fp/hard\libc_nano.a
LOAD C:/ST/STM32CubeIDE_1.17.0/STM32CubeIDE/plugins/com.st.stm32cube.ide.mcu.externaltools.gnu-tools-for-stm32.12.3.rel1.win32_1.1.0.202410251130/tools/bin/../lib/gcc/arm-none-eabi/12.3.1/../../../../arm-none-eabi/lib/thumb/v7e-m+fp/hard\libm.a
END GROUP
START GROUP
LOAD C:/ST/STM32CubeIDE_1.17.0/STM32CubeIDE/plugins/com.st.stm32cube.ide.mcu.externaltools.gnu-tools-for-stm32.12.3.rel1.win32_1.1.0.202410251130/tools/bin/../lib/gcc/arm-none-eabi/12.3.1/thumb/v7e-m+fp/hard\libgcc.a
LOAD C:/ST/STM32CubeIDE_1.17.0/STM32CubeIDE/plugins/com.st.stm32cube.ide.mcu.externaltools.gnu-tools-for-stm32.12.3.rel1.win32_1.1.0.202410251130/tools/bin/../lib/gcc/arm-none-eabi/12.3.1/../../../../arm-none-eabi/lib/thumb/v7e-m+fp/hard\libc_nano.a
END GROUP
START GROUP
LOAD C:/ST/STM32CubeIDE_1.17.0/STM32CubeIDE/plugins/com.st.stm32cube.ide.mcu.externaltools.gnu-tools-for-stm32.12.3.rel1.win32_1.1.0.202410251130/tools/bin/../lib/gcc/arm-none-eabi/12.3.1/thumb/v7e-m+fp/hard\libgcc.a
LOAD C:/ST/STM32CubeIDE_1.17.0/STM32CubeIDE/plugins/com.st.stm32cube.ide.mcu.externaltools.gnu-tools-for-stm32.12.3.rel1.win32_1.1.0.202410251130/tools/bin/../lib/gcc/arm-none-eabi/12.3.1/../../../../arm-none-eabi/lib/thumb/v7e-m+fp/hard\libc_nano.a
LOAD C:/ST/STM32CubeIDE_1.17.0/STM32CubeIDE/plugins/com.st.stm32cube.ide.mcu.externaltools.gnu-tools-for-stm32.12.3.rel1.win32_1.1.0.202410251130/tools/bin/../lib/gcc/arm-none-eabi/12.3.1/../../../../arm-none-eabi/lib/thumb/v7e-m+fp/hard\libnosys.a
END GROUP
START GROUP
LOAD C:/ST/STM32CubeIDE_1.17.0/STM32CubeIDE/plugins/com.st.stm32cube.ide.mcu.externaltools.gnu-tools-for-stm32.12.3.rel1.win32_1.1.0.202410251130/tools/bin/../lib/gcc/arm-none-eabi/12.3.1/thumb/v7e-m+fp/hard\libgcc.a
LOAD C:/ST/STM32CubeIDE_1.17.0/STM32CubeIDE/plugins/com.st.stm32cube.ide.mcu.externaltools.gnu-tools-for-stm32.12.3.rel1.win32_1.1.0.202410251130/tools/bin/../lib/gcc/arm-none-eabi/12.3.1/../../../../arm-none-eabi/lib/thumb/v7e-m+fp/hard\libc_nano.a
LOAD C:/ST/STM32CubeIDE_1.17.0/STM32CubeIDE/plugins/com.st.stm32cube.ide.mcu.externaltools.gnu-tools-for-stm32.12.3.rel1.win32_1.1.0.202410251130/tools/bin/../lib/gcc/arm-none-eabi/12.3.1/../../../../arm-none-eabi/lib/thumb/v7e-m+fp/hard\libnosys.a
END GROUP
LOAD C:/ST/STM32CubeIDE_1.17.0/STM32CubeIDE/plugins/com.st.stm32cube.ide.mcu.externaltools.gnu-tools-for-stm32.12.3.rel1.win32_1.1.0.202410251130/tools/bin/../lib/gcc/arm-none-eabi/12.3.1/thumb/v7e-m+fp/hard/crtend.o
LOAD C:/ST/STM32CubeIDE_1.17.0/STM32CubeIDE/plugins/com.st.stm32cube.ide.mcu.externaltools.gnu-tools-for-stm32.12.3.rel1.win32_1.1.0.202410251130/tools/bin/../lib/gcc/arm-none-eabi/12.3.1/thumb/v7e-m+fp/hard/crtn.o
                0x20018000                        _estack = (ORIGIN (RAM) + LENGTH (RAM))
                0x00000200                        _Min_Heap_Size = 0x200
                0x00000400                        _Min_Stack_Size = 0x400

.isr_vector     0x08000000      0x188
                0x08000000                        . = ALIGN (0x4)
 *(.isr_vector)
 .isr_vector    0x08000000      0x188 ./Core/Startup/startup_stm32l475vgtx.o
                0x08000000                g_pfnVectors
                0x08000188                        . = ALIGN (0x4)

.text           0x08000190     0xe1f8
                0x08000190                        . = ALIGN (0x4)
 *(.text)
 .text          0x08000190       0x40 C:/ST/STM32CubeIDE_1.17.0/STM32CubeIDE/plugins/com.st.stm32cube.ide.mcu.externaltools.gnu-tools-for-stm32.12.3.rel1.win32_1.1.0.202410251130/tools/bin/../lib/gcc/arm-none-eabi/12.3.1/thumb/v7e-m+fp/hard/crtbegin.o
 .text          0x080001d0       0x10 C:/ST/STM32CubeIDE_1.17.0/STM32CubeIDE/plugins/com.st.stm32cube.ide.mcu.externaltools.gnu-tools-for-stm32.12.3.rel1.win32_1.1.0.202410251130/tools/bin/../lib/gcc/arm-none-eabi/12.3.1/../../../../arm-none-eabi/lib/thumb/v7e-m+fp/hard\libc_nano.a(libc_a-strlen.o)
                0x080001d0                strlen
 .text          0x080001e0       0xa0 C:/ST/STM32CubeIDE_1.17.0/STM32CubeIDE/plugins/com.st.stm32cube.ide.mcu.externaltools.gnu-tools-for-stm32.12.3.rel1.win32_1.1.0.202410251130/tools/bin/../lib/gcc/arm-none-eabi/12.3.1/../../../../arm-none-eabi/lib/thumb/v7e-m+fp/hard\libc_nano.a(libc_a-memchr.o)
                0x080001e0                memchr
 .text          0x08000280       0x30 C:/ST/STM32CubeIDE_1.17.0/STM32CubeIDE/plugins/com.st.stm32cube.ide.mcu.externaltools.gnu-tools-for-stm32.12.3.rel1.win32_1.1.0.202410251130/tools/bin/../lib/gcc/arm-none-eabi/12.3.1/thumb/v7e-m+fp/hard\libgcc.a(_aeabi_uldivmod.o)
                0x08000280                __aeabi_uldivmod
 .text          0x080002b0      0x2bc C:/ST/STM32CubeIDE_1.17.0/STM32CubeIDE/plugins/com.st.stm32cube.ide.mcu.externaltools.gnu-tools-for-stm32.12.3.rel1.win32_1.1.0.202410251130/tools/bin/../lib/gcc/arm-none-eabi/12.3.1/thumb/v7e-m+fp/hard\libgcc.a(_udivmoddi4.o)
                0x080002b0                __udivmoddi4
 .text          0x0800056c        0x4 C:/ST/STM32CubeIDE_1.17.0/STM32CubeIDE/plugins/com.st.stm32cube.ide.mcu.externaltools.gnu-tools-for-stm32.12.3.rel1.win32_1.1.0.202410251130/tools/bin/../lib/gcc/arm-none-eabi/12.3.1/thumb/v7e-m+fp/hard\libgcc.a(_dvmd_tls.o)
                0x0800056c                __aeabi_idiv0
                0x0800056c                __aeabi_ldiv0
 *(.text*)
 .text.__io_putchar
                0x08000570       0x24 ./Core/Src/main.o
                0x08000570                __io_putchar
 .text.main     0x08000594      0x310 ./Core/Src/main.o
                0x08000594                main
 .text.SystemClock_Config
                0x080008a4       0xc4 ./Core/Src/main.o
                0x080008a4                SystemClock_Config
 .text.MX_DFSDM1_Init
                0x08000968       0x70 ./Core/Src/main.o
 .text.MX_I2C2_Init
                0x080009d8       0x7c ./Core/Src/main.o
 .text.MX_QUADSPI_Init
                0x08000a54       0x4c ./Core/Src/main.o
 .text.MX_SPI1_Init
                0x08000aa0       0x7c ./Core/Src/main.o
 .text.MX_SPI3_Init
                0x08000b1c       0x7c ./Core/Src/main.o
 .text.MX_USART1_UART_Init
                0x08000b98       0x60 ./Core/Src/main.o
 .text.MX_USART3_UART_Init
                0x08000bf8       0x60 ./Core/Src/main.o
 .text.MX_USB_OTG_FS_PCD_Init
                0x08000c58       0x5c ./Core/Src/main.o
 .text.MX_GPIO_Init
                0x08000cb4      0x338 ./Core/Src/main.o
 .text.HAL_GPIO_EXTI_Callback
                0x08000fec       0x78 ./Core/Src/main.o
                0x08000fec                HAL_GPIO_EXTI_Callback
 .text.SPI3_IRQHandler
                0x08001064       0x14 ./Core/Src/main.o
                0x08001064                SPI3_IRQHandler
 .text.StartStoringProcess
                0x08001078      0x150 ./Core/Src/main.o
                0x08001078                StartStoringProcess
 .text.StartDepositProcess
                0x080011c8      0x15c ./Core/Src/main.o
                0x080011c8                StartDepositProcess
 .text.StartStoringTask
                0x08001324      0x108 ./Core/Src/main.o
                0x08001324                StartStoringTask
 .text.StartDepositTask
                0x0800142c       0x48 ./Core/Src/main.o
                0x0800142c                StartDepositTask
 .text.storingStopTaskFunc
                0x08001474       0x5c ./Core/Src/main.o
                0x08001474                storingStopTaskFunc
 .text.receiveWIFITask
                0x080014d0       0xf0 ./Core/Src/main.o
                0x080014d0                receiveWIFITask
 .text.Error_Handler
                0x080015c0        0xc ./Core/Src/main.o
                0x080015c0                Error_Handler
 .text.RC522_SPI_Transfer
                0x080015cc       0x2c ./Core/Src/rc522.o
                0x080015cc                RC522_SPI_Transfer
 .text.Write_MFRC522
                0x080015f8       0x4c ./Core/Src/rc522.o
                0x080015f8                Write_MFRC522
 .text.Read_MFRC522
                0x08001644       0x50 ./Core/Src/rc522.o
                0x08001644                Read_MFRC522
 .text.SetBitMask
                0x08001694       0x36 ./Core/Src/rc522.o
                0x08001694                SetBitMask
 .text.ClearBitMask
                0x080016ca       0x40 ./Core/Src/rc522.o
                0x080016ca                ClearBitMask
 .text.AntennaOn
                0x0800170a       0x16 ./Core/Src/rc522.o
                0x0800170a                AntennaOn
 .text.MFRC522_Reset
                0x08001720       0x10 ./Core/Src/rc522.o
                0x08001720                MFRC522_Reset
 .text.MFRC522_Init
                0x08001730       0x5c ./Core/Src/rc522.o
                0x08001730                MFRC522_Init
 .text.MFRC522_ToCard
                0x0800178c      0x192 ./Core/Src/rc522.o
                0x0800178c                MFRC522_ToCard
 .text.MFRC522_Request
                0x0800191e       0x4a ./Core/Src/rc522.o
                0x0800191e                MFRC522_Request
 .text.MFRC522_Anticoll
                0x08001968       0x7a ./Core/Src/rc522.o
                0x08001968                MFRC522_Anticoll
 *fill*         0x080019e2        0x2 
 .text.HAL_MspInit
                0x080019e4       0x50 ./Core/Src/stm32l4xx_hal_msp.o
                0x080019e4                HAL_MspInit
 .text.HAL_DFSDM_ChannelMspInit
                0x08001a34       0xc8 ./Core/Src/stm32l4xx_hal_msp.o
                0x08001a34                HAL_DFSDM_ChannelMspInit
 .text.HAL_I2C_MspInit
                0x08001afc       0xbc ./Core/Src/stm32l4xx_hal_msp.o
                0x08001afc                HAL_I2C_MspInit
 .text.HAL_QSPI_MspInit
                0x08001bb8       0x88 ./Core/Src/stm32l4xx_hal_msp.o
                0x08001bb8                HAL_QSPI_MspInit
 .text.HAL_SPI_MspInit
                0x08001c40       0xec ./Core/Src/stm32l4xx_hal_msp.o
                0x08001c40                HAL_SPI_MspInit
 .text.HAL_SPI_MspDeInit
                0x08001d2c       0x64 ./Core/Src/stm32l4xx_hal_msp.o
                0x08001d2c                HAL_SPI_MspDeInit
 .text.HAL_UART_MspInit
                0x08001d90      0x148 ./Core/Src/stm32l4xx_hal_msp.o
                0x08001d90                HAL_UART_MspInit
 .text.HAL_PCD_MspInit
                0x08001ed8      0x138 ./Core/Src/stm32l4xx_hal_msp.o
                0x08001ed8                HAL_PCD_MspInit
 .text.NMI_Handler
                0x08002010        0x8 ./Core/Src/stm32l4xx_it.o
                0x08002010                NMI_Handler
 .text.HardFault_Handler
                0x08002018        0x8 ./Core/Src/stm32l4xx_it.o
                0x08002018                HardFault_Handler
 .text.MemManage_Handler
                0x08002020        0x8 ./Core/Src/stm32l4xx_it.o
                0x08002020                MemManage_Handler
 .text.BusFault_Handler
                0x08002028        0x8 ./Core/Src/stm32l4xx_it.o
                0x08002028                BusFault_Handler
 .text.UsageFault_Handler
                0x08002030        0x8 ./Core/Src/stm32l4xx_it.o
                0x08002030                UsageFault_Handler
 .text.DebugMon_Handler
                0x08002038        0xe ./Core/Src/stm32l4xx_it.o
                0x08002038                DebugMon_Handler
 .text.SysTick_Handler
                0x08002046       0x1a ./Core/Src/stm32l4xx_it.o
                0x08002046                SysTick_Handler
 .text.EXTI3_IRQHandler
                0x08002060        0xe ./Core/Src/stm32l4xx_it.o
                0x08002060                EXTI3_IRQHandler
 .text.EXTI9_5_IRQHandler
                0x0800206e       0x22 ./Core/Src/stm32l4xx_it.o
                0x0800206e                EXTI9_5_IRQHandler
 .text.EXTI15_10_IRQHandler
                0x08002090       0x30 ./Core/Src/stm32l4xx_it.o
                0x08002090                EXTI15_10_IRQHandler
 .text.EXTI1_IRQHandler
                0x080020c0        0xe ./Core/Src/stm32l4xx_it.o
                0x080020c0                EXTI1_IRQHandler
 .text._getpid  0x080020ce       0x10 ./Core/Src/syscalls.o
                0x080020ce                _getpid
 .text._kill    0x080020de       0x20 ./Core/Src/syscalls.o
                0x080020de                _kill
 .text._exit    0x080020fe       0x16 ./Core/Src/syscalls.o
                0x080020fe                _exit
 .text._read    0x08002114       0x3a ./Core/Src/syscalls.o
                0x08002114                _read
 .text._write   0x0800214e       0x38 ./Core/Src/syscalls.o
                0x0800214e                _write
 .text._close   0x08002186       0x18 ./Core/Src/syscalls.o
                0x08002186                _close
 .text._fstat   0x0800219e       0x20 ./Core/Src/syscalls.o
                0x0800219e                _fstat
 .text._isatty  0x080021be       0x16 ./Core/Src/syscalls.o
                0x080021be                _isatty
 .text._lseek   0x080021d4       0x1a ./Core/Src/syscalls.o
                0x080021d4                _lseek
 *fill*         0x080021ee        0x2 
 .text._sbrk    0x080021f0       0x6c ./Core/Src/sysmem.o
                0x080021f0                _sbrk
 .text.SystemInit
                0x0800225c       0x24 ./Core/Src/system_stm32l4xx.o
                0x0800225c                SystemInit
 .text.Reset_Handler
                0x08002280       0x50 ./Core/Startup/startup_stm32l475vgtx.o
                0x08002280                Reset_Handler
 .text.Default_Handler
                0x080022d0        0x2 ./Core/Startup/startup_stm32l475vgtx.o
                0x080022d0                RTC_Alarm_IRQHandler
                0x080022d0                EXTI2_IRQHandler
                0x080022d0                TIM8_TRG_COM_IRQHandler
                0x080022d0                TIM8_CC_IRQHandler
                0x080022d0                TIM1_CC_IRQHandler
                0x080022d0                TSC_IRQHandler
                0x080022d0                TAMP_STAMP_IRQHandler
                0x080022d0                LPTIM2_IRQHandler
                0x080022d0                DFSDM1_FLT1_IRQHandler
                0x080022d0                I2C3_ER_IRQHandler
                0x080022d0                DFSDM1_FLT2_IRQHandler
                0x080022d0                EXTI0_IRQHandler
                0x080022d0                I2C2_EV_IRQHandler
                0x080022d0                CAN1_RX0_IRQHandler
                0x080022d0                FPU_IRQHandler
                0x080022d0                TIM1_UP_TIM16_IRQHandler
                0x080022d0                ADC1_2_IRQHandler
                0x080022d0                SPI1_IRQHandler
                0x080022d0                TIM6_DAC_IRQHandler
                0x080022d0                TIM8_UP_IRQHandler
                0x080022d0                DMA2_Channel2_IRQHandler
                0x080022d0                DMA1_Channel4_IRQHandler
                0x080022d0                SAI2_IRQHandler
                0x080022d0                DFSDM1_FLT3_IRQHandler
                0x080022d0                USART3_IRQHandler
                0x080022d0                DMA1_Channel7_IRQHandler
                0x080022d0                CAN1_RX1_IRQHandler
                0x080022d0                UART5_IRQHandler
                0x080022d0                ADC3_IRQHandler
                0x080022d0                TIM4_IRQHandler
                0x080022d0                DMA2_Channel1_IRQHandler
                0x080022d0                QUADSPI_IRQHandler
                0x080022d0                I2C1_EV_IRQHandler
                0x080022d0                DMA1_Channel6_IRQHandler
                0x080022d0                UART4_IRQHandler
                0x080022d0                DMA2_Channel4_IRQHandler
                0x080022d0                TIM3_IRQHandler
                0x080022d0                RCC_IRQHandler
                0x080022d0                DMA1_Channel1_IRQHandler
                0x080022d0                Default_Handler
                0x080022d0                DMA2_Channel7_IRQHandler
                0x080022d0                TIM7_IRQHandler
                0x080022d0                SDMMC1_IRQHandler
                0x080022d0                TIM5_IRQHandler
                0x080022d0                I2C3_EV_IRQHandler
                0x080022d0                RTC_WKUP_IRQHandler
                0x080022d0                PVD_PVM_IRQHandler
                0x080022d0                SPI2_IRQHandler
                0x080022d0                CAN1_TX_IRQHandler
                0x080022d0                DMA2_Channel5_IRQHandler
                0x080022d0                DMA1_Channel5_IRQHandler
                0x080022d0                EXTI4_IRQHandler
                0x080022d0                RNG_IRQHandler
                0x080022d0                TIM1_TRG_COM_TIM17_IRQHandler
                0x080022d0                DMA1_Channel3_IRQHandler
                0x080022d0                COMP_IRQHandler
                0x080022d0                WWDG_IRQHandler
                0x080022d0                LPUART1_IRQHandler
                0x080022d0                DMA2_Channel6_IRQHandler
                0x080022d0                TIM2_IRQHandler
                0x080022d0                USART2_IRQHandler
                0x080022d0                DFSDM1_FLT0_IRQHandler
                0x080022d0                I2C2_ER_IRQHandler
                0x080022d0                DMA1_Channel2_IRQHandler
                0x080022d0                TIM8_BRK_IRQHandler
                0x080022d0                CAN1_SCE_IRQHandler
                0x080022d0                FLASH_IRQHandler
                0x080022d0                USART1_IRQHandler
                0x080022d0                OTG_FS_IRQHandler
                0x080022d0                I2C1_ER_IRQHandler
                0x080022d0                FMC_IRQHandler
                0x080022d0                SWPMI1_IRQHandler
                0x080022d0                LPTIM1_IRQHandler
                0x080022d0                SAI1_IRQHandler
                0x080022d0                DMA2_Channel3_IRQHandler
                0x080022d0                TIM1_BRK_TIM15_IRQHandler
 .text.Hex2Num  0x080022d2       0x54 ./Core/WIFI/es_wifi.o
 .text.ParseHexNumber
                0x08002326       0x86 ./Core/WIFI/es_wifi.o
 .text.ParseNumber
                0x080023ac       0x88 ./Core/WIFI/es_wifi.o
 .text.ParseMAC
                0x08002434       0x6e ./Core/WIFI/es_wifi.o
 .text.ParseIP  0x080024a2       0x6e ./Core/WIFI/es_wifi.o
 .text.AT_ParseInfo
                0x08002510      0x11c ./Core/WIFI/es_wifi.o
 .text.AT_ParseConnSettings
                0x0800262c      0x17c ./Core/WIFI/es_wifi.o
 .text.AT_ExecuteCommand
                0x080027a8       0xe0 ./Core/WIFI/es_wifi.o
 .text.AT_RequestSendData
                0x08002888      0x100 ./Core/WIFI/es_wifi.o
 .text.AT_RequestReceiveData
                0x08002988      0x144 ./Core/WIFI/es_wifi.o
 .text.ES_WIFI_Init
                0x08002acc       0x68 ./Core/WIFI/es_wifi.o
                0x08002acc                ES_WIFI_Init
 .text.ES_WIFI_RegisterBusIO
                0x08002b34       0x66 ./Core/WIFI/es_wifi.o
                0x08002b34                ES_WIFI_RegisterBusIO
 *fill*         0x08002b9a        0x2 
 .text.ES_WIFI_Connect
                0x08002b9c       0xf0 ./Core/WIFI/es_wifi.o
                0x08002b9c                ES_WIFI_Connect
 .text.ES_WIFI_IsConnected
                0x08002c8c       0x60 ./Core/WIFI/es_wifi.o
                0x08002c8c                ES_WIFI_IsConnected
 .text.ES_WIFI_GetNetworkSettings
                0x08002cec       0x54 ./Core/WIFI/es_wifi.o
                0x08002cec                ES_WIFI_GetNetworkSettings
 .text.ES_WIFI_GetMACAddress
                0x08002d40       0x6c ./Core/WIFI/es_wifi.o
                0x08002d40                ES_WIFI_GetMACAddress
 .text.ES_WIFI_StartClientConnection
                0x08002dac      0x1d4 ./Core/WIFI/es_wifi.o
                0x08002dac                ES_WIFI_StartClientConnection
 .text.ES_WIFI_SendData
                0x08002f80      0x178 ./Core/WIFI/es_wifi.o
                0x08002f80                ES_WIFI_SendData
 .text.ES_WIFI_ReceiveData
                0x080030f8      0x180 ./Core/WIFI/es_wifi.o
                0x080030f8                ES_WIFI_ReceiveData
 .text.SPI_WIFI_MspInit
                0x08003278      0x178 ./Core/WIFI/es_wifi_io.o
                0x08003278                SPI_WIFI_MspInit
 .text.SPI_WIFI_Init
                0x080033f0       0xbc ./Core/WIFI/es_wifi_io.o
                0x080033f0                SPI_WIFI_Init
 .text.SPI_WIFI_ResetModule
                0x080034ac       0xf4 ./Core/WIFI/es_wifi_io.o
                0x080034ac                SPI_WIFI_ResetModule
 .text.SPI_WIFI_DeInit
                0x080035a0       0x14 ./Core/WIFI/es_wifi_io.o
                0x080035a0                SPI_WIFI_DeInit
 .text.wait_cmddata_rdy_high
                0x080035b4       0x44 ./Core/WIFI/es_wifi_io.o
 .text.wait_cmddata_rdy_rising_event
                0x080035f8       0x40 ./Core/WIFI/es_wifi_io.o
 .text.wait_spi_rx_event
                0x08003638       0x40 ./Core/WIFI/es_wifi_io.o
 .text.wait_spi_tx_event
                0x08003678       0x40 ./Core/WIFI/es_wifi_io.o
 .text.SPI_WIFI_ReceiveData
                0x080036b8       0xf4 ./Core/WIFI/es_wifi_io.o
                0x080036b8                SPI_WIFI_ReceiveData
 .text.SPI_WIFI_SendData
                0x080037ac       0xdc ./Core/WIFI/es_wifi_io.o
                0x080037ac                SPI_WIFI_SendData
 .text.SPI_WIFI_Delay
                0x08003888       0x16 ./Core/WIFI/es_wifi_io.o
                0x08003888                SPI_WIFI_Delay
 *fill*         0x0800389e        0x2 
 .text.SPI_WIFI_DelayUs
                0x080038a0       0xa4 ./Core/WIFI/es_wifi_io.o
 .text.HAL_SPI_RxCpltCallback
                0x08003944       0x28 ./Core/WIFI/es_wifi_io.o
                0x08003944                HAL_SPI_RxCpltCallback
 .text.HAL_SPI_TxCpltCallback
                0x0800396c       0x28 ./Core/WIFI/es_wifi_io.o
                0x0800396c                HAL_SPI_TxCpltCallback
 .text.SPI_WIFI_ISR
                0x08003994       0x20 ./Core/WIFI/es_wifi_io.o
                0x08003994                SPI_WIFI_ISR
 .text.WIFI_Init
                0x080039b4       0x58 ./Core/WIFI/wifi.o
                0x080039b4                WIFI_Init
 .text.WIFI_Connect
                0x08003a0c       0x44 ./Core/WIFI/wifi.o
                0x08003a0c                WIFI_Connect
 .text.WIFI_GetMAC_Address
                0x08003a50       0x40 ./Core/WIFI/wifi.o
                0x08003a50                WIFI_GetMAC_Address
 .text.WIFI_GetIP_Address
                0x08003a90       0x48 ./Core/WIFI/wifi.o
                0x08003a90                WIFI_GetIP_Address
 .text.WIFI_OpenClientConnection
                0x08003ad8       0x78 ./Core/WIFI/wifi.o
                0x08003ad8                WIFI_OpenClientConnection
 .text.WIFI_SendData
                0x08003b50       0x44 ./Core/WIFI/wifi.o
                0x08003b50                WIFI_SendData
 .text.WIFI_ReceiveData
                0x08003b94       0x44 ./Core/WIFI/wifi.o
                0x08003b94                WIFI_ReceiveData
 .text.HAL_Init
                0x08003bd8       0x30 ./Drivers/STM32L4xx_HAL_Driver/Src/stm32l4xx_hal.o
                0x08003bd8                HAL_Init
 .text.HAL_InitTick
                0x08003c08       0x78 ./Drivers/STM32L4xx_HAL_Driver/Src/stm32l4xx_hal.o
                0x08003c08                HAL_InitTick
 .text.HAL_IncTick
                0x08003c80       0x28 ./Drivers/STM32L4xx_HAL_Driver/Src/stm32l4xx_hal.o
                0x08003c80                HAL_IncTick
 .text.HAL_GetTick
                0x08003ca8       0x18 ./Drivers/STM32L4xx_HAL_Driver/Src/stm32l4xx_hal.o
                0x08003ca8                HAL_GetTick
 .text.HAL_Delay
                0x08003cc0       0x48 ./Drivers/STM32L4xx_HAL_Driver/Src/stm32l4xx_hal.o
                0x08003cc0                HAL_Delay
 .text.__NVIC_SetPriorityGrouping
                0x08003d08       0x48 ./Drivers/STM32L4xx_HAL_Driver/Src/stm32l4xx_hal_cortex.o
 .text.__NVIC_GetPriorityGrouping
                0x08003d50       0x1c ./Drivers/STM32L4xx_HAL_Driver/Src/stm32l4xx_hal_cortex.o
 .text.__NVIC_EnableIRQ
                0x08003d6c       0x3c ./Drivers/STM32L4xx_HAL_Driver/Src/stm32l4xx_hal_cortex.o
 .text.__NVIC_SetPriority
                0x08003da8       0x54 ./Drivers/STM32L4xx_HAL_Driver/Src/stm32l4xx_hal_cortex.o
 .text.NVIC_EncodePriority
                0x08003dfc       0x66 ./Drivers/STM32L4xx_HAL_Driver/Src/stm32l4xx_hal_cortex.o
 *fill*         0x08003e62        0x2 
 .text.SysTick_Config
                0x08003e64       0x44 ./Drivers/STM32L4xx_HAL_Driver/Src/stm32l4xx_hal_cortex.o
 .text.HAL_NVIC_SetPriorityGrouping
                0x08003ea8       0x16 ./Drivers/STM32L4xx_HAL_Driver/Src/stm32l4xx_hal_cortex.o
                0x08003ea8                HAL_NVIC_SetPriorityGrouping
 .text.HAL_NVIC_SetPriority
                0x08003ebe       0x38 ./Drivers/STM32L4xx_HAL_Driver/Src/stm32l4xx_hal_cortex.o
                0x08003ebe                HAL_NVIC_SetPriority
 .text.HAL_NVIC_EnableIRQ
                0x08003ef6       0x1c ./Drivers/STM32L4xx_HAL_Driver/Src/stm32l4xx_hal_cortex.o
                0x08003ef6                HAL_NVIC_EnableIRQ
 .text.HAL_SYSTICK_Config
                0x08003f12       0x18 ./Drivers/STM32L4xx_HAL_Driver/Src/stm32l4xx_hal_cortex.o
                0x08003f12                HAL_SYSTICK_Config
 *fill*         0x08003f2a        0x2 
 .text.HAL_DFSDM_ChannelInit
                0x08003f2c      0x180 ./Drivers/STM32L4xx_HAL_Driver/Src/stm32l4xx_hal_dfsdm.o
                0x08003f2c                HAL_DFSDM_ChannelInit
 .text.DFSDM_GetChannelFromInstance
                0x080040ac       0x98 ./Drivers/STM32L4xx_HAL_Driver/Src/stm32l4xx_hal_dfsdm.o
 .text.HAL_DMA_Abort_IT
                0x08004144       0x82 ./Drivers/STM32L4xx_HAL_Driver/Src/stm32l4xx_hal_dma.o
                0x08004144                HAL_DMA_Abort_IT
 *fill*         0x080041c6        0x2 
 .text.HAL_GPIO_Init
                0x080041c8      0x354 ./Drivers/STM32L4xx_HAL_Driver/Src/stm32l4xx_hal_gpio.o
                0x080041c8                HAL_GPIO_Init
 .text.HAL_GPIO_DeInit
                0x0800451c      0x1e8 ./Drivers/STM32L4xx_HAL_Driver/Src/stm32l4xx_hal_gpio.o
                0x0800451c                HAL_GPIO_DeInit
 .text.HAL_GPIO_ReadPin
                0x08004704       0x30 ./Drivers/STM32L4xx_HAL_Driver/Src/stm32l4xx_hal_gpio.o
                0x08004704                HAL_GPIO_ReadPin
 .text.HAL_GPIO_WritePin
                0x08004734       0x30 ./Drivers/STM32L4xx_HAL_Driver/Src/stm32l4xx_hal_gpio.o
                0x08004734                HAL_GPIO_WritePin
 .text.HAL_GPIO_EXTI_IRQHandler
                0x08004764       0x30 ./Drivers/STM32L4xx_HAL_Driver/Src/stm32l4xx_hal_gpio.o
                0x08004764                HAL_GPIO_EXTI_IRQHandler
 .text.HAL_I2C_Init
                0x08004794      0x136 ./Drivers/STM32L4xx_HAL_Driver/Src/stm32l4xx_hal_i2c.o
                0x08004794                HAL_I2C_Init
 .text.HAL_I2CEx_ConfigAnalogFilter
                0x080048ca       0x96 ./Drivers/STM32L4xx_HAL_Driver/Src/stm32l4xx_hal_i2c_ex.o
                0x080048ca                HAL_I2CEx_ConfigAnalogFilter
 .text.HAL_I2CEx_ConfigDigitalFilter
                0x08004960       0x98 ./Drivers/STM32L4xx_HAL_Driver/Src/stm32l4xx_hal_i2c_ex.o
                0x08004960                HAL_I2CEx_ConfigDigitalFilter
 .text.HAL_PCD_Init
                0x080049f8      0x21e ./Drivers/STM32L4xx_HAL_Driver/Src/stm32l4xx_hal_pcd.o
                0x080049f8                HAL_PCD_Init
 .text.HAL_PCDEx_ActivateLPM
                0x08004c16       0x48 ./Drivers/STM32L4xx_HAL_Driver/Src/stm32l4xx_hal_pcd_ex.o
                0x08004c16                HAL_PCDEx_ActivateLPM
 *fill*         0x08004c5e        0x2 
 .text.HAL_PWR_EnableBkUpAccess
                0x08004c60       0x20 ./Drivers/STM32L4xx_HAL_Driver/Src/stm32l4xx_hal_pwr.o
                0x08004c60                HAL_PWR_EnableBkUpAccess
 .text.HAL_PWREx_GetVoltageRange
                0x08004c80       0x1c ./Drivers/STM32L4xx_HAL_Driver/Src/stm32l4xx_hal_pwr_ex.o
                0x08004c80                HAL_PWREx_GetVoltageRange
 .text.HAL_PWREx_ControlVoltageScaling
                0x08004c9c       0xac ./Drivers/STM32L4xx_HAL_Driver/Src/stm32l4xx_hal_pwr_ex.o
                0x08004c9c                HAL_PWREx_ControlVoltageScaling
 .text.HAL_PWREx_EnableVddUSB
                0x08004d48       0x20 ./Drivers/STM32L4xx_HAL_Driver/Src/stm32l4xx_hal_pwr_ex.o
                0x08004d48                HAL_PWREx_EnableVddUSB
 .text.HAL_QSPI_Init
                0x08004d68       0xec ./Drivers/STM32L4xx_HAL_Driver/Src/stm32l4xx_hal_qspi.o
                0x08004d68                HAL_QSPI_Init
 .text.HAL_QSPI_SetTimeout
                0x08004e54       0x1c ./Drivers/STM32L4xx_HAL_Driver/Src/stm32l4xx_hal_qspi.o
                0x08004e54                HAL_QSPI_SetTimeout
 .text.QSPI_WaitFlagStateUntilTimeout
                0x08004e70       0x6e ./Drivers/STM32L4xx_HAL_Driver/Src/stm32l4xx_hal_qspi.o
 *fill*         0x08004ede        0x2 
 .text.HAL_RCC_OscConfig
                0x08004ee0      0x7b8 ./Drivers/STM32L4xx_HAL_Driver/Src/stm32l4xx_hal_rcc.o
                0x08004ee0                HAL_RCC_OscConfig
 .text.HAL_RCC_ClockConfig
                0x08005698      0x200 ./Drivers/STM32L4xx_HAL_Driver/Src/stm32l4xx_hal_rcc.o
                0x08005698                HAL_RCC_ClockConfig
 .text.HAL_RCC_GetSysClockFreq
                0x08005898      0x118 ./Drivers/STM32L4xx_HAL_Driver/Src/stm32l4xx_hal_rcc.o
                0x08005898                HAL_RCC_GetSysClockFreq
 .text.HAL_RCC_GetHCLKFreq
                0x080059b0       0x18 ./Drivers/STM32L4xx_HAL_Driver/Src/stm32l4xx_hal_rcc.o
                0x080059b0                HAL_RCC_GetHCLKFreq
 .text.HAL_RCC_GetPCLK1Freq
                0x080059c8       0x2c ./Drivers/STM32L4xx_HAL_Driver/Src/stm32l4xx_hal_rcc.o
                0x080059c8                HAL_RCC_GetPCLK1Freq
 .text.HAL_RCC_GetPCLK2Freq
                0x080059f4       0x2c ./Drivers/STM32L4xx_HAL_Driver/Src/stm32l4xx_hal_rcc.o
                0x080059f4                HAL_RCC_GetPCLK2Freq
 .text.RCC_SetFlashLatencyFromMSIRange
                0x08005a20       0xc0 ./Drivers/STM32L4xx_HAL_Driver/Src/stm32l4xx_hal_rcc.o
 .text.HAL_RCCEx_PeriphCLKConfig
                0x08005ae0      0x5d4 ./Drivers/STM32L4xx_HAL_Driver/Src/stm32l4xx_hal_rcc_ex.o
                0x08005ae0                HAL_RCCEx_PeriphCLKConfig
 .text.HAL_RCCEx_EnableMSIPLLMode
                0x080060b4       0x20 ./Drivers/STM32L4xx_HAL_Driver/Src/stm32l4xx_hal_rcc_ex.o
                0x080060b4                HAL_RCCEx_EnableMSIPLLMode
 .text.RCCEx_PLLSAI1_Config
                0x080060d4      0x1e8 ./Drivers/STM32L4xx_HAL_Driver/Src/stm32l4xx_hal_rcc_ex.o
 .text.RCCEx_PLLSAI2_Config
                0x080062bc      0x1bc ./Drivers/STM32L4xx_HAL_Driver/Src/stm32l4xx_hal_rcc_ex.o
 .text.HAL_SPI_Init
                0x08006478      0x146 ./Drivers/STM32L4xx_HAL_Driver/Src/stm32l4xx_hal_spi.o
                0x08006478                HAL_SPI_Init
 .text.HAL_SPI_DeInit
                0x080065be       0x50 ./Drivers/STM32L4xx_HAL_Driver/Src/stm32l4xx_hal_spi.o
                0x080065be                HAL_SPI_DeInit
 .text.HAL_SPI_Receive
                0x0800660e      0x270 ./Drivers/STM32L4xx_HAL_Driver/Src/stm32l4xx_hal_spi.o
                0x0800660e                HAL_SPI_Receive
 .text.HAL_SPI_TransmitReceive
                0x0800687e      0x43e ./Drivers/STM32L4xx_HAL_Driver/Src/stm32l4xx_hal_spi.o
                0x0800687e                HAL_SPI_TransmitReceive
 .text.HAL_SPI_Transmit_IT
                0x08006cbc      0x110 ./Drivers/STM32L4xx_HAL_Driver/Src/stm32l4xx_hal_spi.o
                0x08006cbc                HAL_SPI_Transmit_IT
 .text.HAL_SPI_Receive_IT
                0x08006dcc      0x154 ./Drivers/STM32L4xx_HAL_Driver/Src/stm32l4xx_hal_spi.o
                0x08006dcc                HAL_SPI_Receive_IT
 .text.HAL_SPI_TransmitReceive_IT
                0x08006f20      0x154 ./Drivers/STM32L4xx_HAL_Driver/Src/stm32l4xx_hal_spi.o
                0x08006f20                HAL_SPI_TransmitReceive_IT
 .text.HAL_SPI_IRQHandler
                0x08007074      0x1e8 ./Drivers/STM32L4xx_HAL_Driver/Src/stm32l4xx_hal_spi.o
                0x08007074                HAL_SPI_IRQHandler
 .text.HAL_SPI_TxRxCpltCallback
                0x0800725c       0x14 ./Drivers/STM32L4xx_HAL_Driver/Src/stm32l4xx_hal_spi.o
                0x0800725c                HAL_SPI_TxRxCpltCallback
 .text.HAL_SPI_ErrorCallback
                0x08007270       0x14 ./Drivers/STM32L4xx_HAL_Driver/Src/stm32l4xx_hal_spi.o
                0x08007270                HAL_SPI_ErrorCallback
 .text.SPI_DMAAbortOnError
                0x08007284       0x2a ./Drivers/STM32L4xx_HAL_Driver/Src/stm32l4xx_hal_spi.o
 .text.SPI_2linesRxISR_8BIT
                0x080072ae       0xbe ./Drivers/STM32L4xx_HAL_Driver/Src/stm32l4xx_hal_spi.o
 .text.SPI_2linesTxISR_8BIT
                0x0800736c       0x92 ./Drivers/STM32L4xx_HAL_Driver/Src/stm32l4xx_hal_spi.o
 .text.SPI_2linesRxISR_16BIT
                0x080073fe       0x66 ./Drivers/STM32L4xx_HAL_Driver/Src/stm32l4xx_hal_spi.o
 .text.SPI_2linesTxISR_16BIT
                0x08007464       0x60 ./Drivers/STM32L4xx_HAL_Driver/Src/stm32l4xx_hal_spi.o
 .text.SPI_RxISR_8BIT
                0x080074c4       0x50 ./Drivers/STM32L4xx_HAL_Driver/Src/stm32l4xx_hal_spi.o
 .text.SPI_RxISR_16BIT
                0x08007514       0x4c ./Drivers/STM32L4xx_HAL_Driver/Src/stm32l4xx_hal_spi.o
 .text.SPI_TxISR_8BIT
                0x08007560       0x46 ./Drivers/STM32L4xx_HAL_Driver/Src/stm32l4xx_hal_spi.o
 .text.SPI_TxISR_16BIT
                0x080075a6       0x44 ./Drivers/STM32L4xx_HAL_Driver/Src/stm32l4xx_hal_spi.o
 *fill*         0x080075ea        0x2 
 .text.SPI_WaitFlagStateUntilTimeout
                0x080075ec      0x110 ./Drivers/STM32L4xx_HAL_Driver/Src/stm32l4xx_hal_spi.o
 .text.SPI_WaitFifoStateUntilTimeout
                0x080076fc      0x12c ./Drivers/STM32L4xx_HAL_Driver/Src/stm32l4xx_hal_spi.o
 .text.SPI_EndRxTransaction
                0x08007828       0xb0 ./Drivers/STM32L4xx_HAL_Driver/Src/stm32l4xx_hal_spi.o
 .text.SPI_EndRxTxTransaction
                0x080078d8       0x8c ./Drivers/STM32L4xx_HAL_Driver/Src/stm32l4xx_hal_spi.o
 .text.SPI_CloseRxTx_ISR
                0x08007964       0x84 ./Drivers/STM32L4xx_HAL_Driver/Src/stm32l4xx_hal_spi.o
 .text.SPI_CloseRx_ISR
                0x080079e8       0x60 ./Drivers/STM32L4xx_HAL_Driver/Src/stm32l4xx_hal_spi.o
 .text.SPI_CloseTx_ISR
                0x08007a48       0x7e ./Drivers/STM32L4xx_HAL_Driver/Src/stm32l4xx_hal_spi.o
 .text.HAL_UART_Init
                0x08007ac6       0x9c ./Drivers/STM32L4xx_HAL_Driver/Src/stm32l4xx_hal_uart.o
                0x08007ac6                HAL_UART_Init
 .text.HAL_UART_Transmit
                0x08007b62      0x112 ./Drivers/STM32L4xx_HAL_Driver/Src/stm32l4xx_hal_uart.o
                0x08007b62                HAL_UART_Transmit
 .text.UART_SetConfig
                0x08007c74      0x570 ./Drivers/STM32L4xx_HAL_Driver/Src/stm32l4xx_hal_uart.o
                0x08007c74                UART_SetConfig
 .text.UART_AdvFeatureConfig
                0x080081e4      0x144 ./Drivers/STM32L4xx_HAL_Driver/Src/stm32l4xx_hal_uart.o
                0x080081e4                UART_AdvFeatureConfig
 .text.UART_CheckIdleState
                0x08008328      0x150 ./Drivers/STM32L4xx_HAL_Driver/Src/stm32l4xx_hal_uart.o
                0x08008328                UART_CheckIdleState
 .text.UART_WaitOnFlagUntilTimeout
                0x08008478       0xda ./Drivers/STM32L4xx_HAL_Driver/Src/stm32l4xx_hal_uart.o
                0x08008478                UART_WaitOnFlagUntilTimeout
 .text.UART_EndRxTransfer
                0x08008552       0xc8 ./Drivers/STM32L4xx_HAL_Driver/Src/stm32l4xx_hal_uart.o
 .text.USB_CoreInit
                0x0800861a       0x5a ./Drivers/STM32L4xx_HAL_Driver/Src/stm32l4xx_ll_usb.o
                0x0800861a                USB_CoreInit
 .text.USB_DisableGlobalInt
                0x08008674       0x22 ./Drivers/STM32L4xx_HAL_Driver/Src/stm32l4xx_ll_usb.o
                0x08008674                USB_DisableGlobalInt
 .text.USB_SetCurrentMode
                0x08008696       0x98 ./Drivers/STM32L4xx_HAL_Driver/Src/stm32l4xx_ll_usb.o
                0x08008696                USB_SetCurrentMode
 *fill*         0x0800872e        0x2 
 .text.USB_DevInit
                0x08008730      0x290 ./Drivers/STM32L4xx_HAL_Driver/Src/stm32l4xx_ll_usb.o
                0x08008730                USB_DevInit
 .text.USB_FlushTxFifo
                0x080089c0       0x64 ./Drivers/STM32L4xx_HAL_Driver/Src/stm32l4xx_ll_usb.o
                0x080089c0                USB_FlushTxFifo
 .text.USB_FlushRxFifo
                0x08008a24       0x5c ./Drivers/STM32L4xx_HAL_Driver/Src/stm32l4xx_ll_usb.o
                0x08008a24                USB_FlushRxFifo
 .text.USB_SetDevSpeed
                0x08008a80       0x32 ./Drivers/STM32L4xx_HAL_Driver/Src/stm32l4xx_ll_usb.o
                0x08008a80                USB_SetDevSpeed
 .text.USB_DevDisconnect
                0x08008ab2       0x42 ./Drivers/STM32L4xx_HAL_Driver/Src/stm32l4xx_ll_usb.o
                0x08008ab2                USB_DevDisconnect
 .text.USB_GetMode
                0x08008af4       0x1c ./Drivers/STM32L4xx_HAL_Driver/Src/stm32l4xx_ll_usb.o
                0x08008af4                USB_GetMode
 .text.USB_CoreReset
                0x08008b10       0x62 ./Drivers/STM32L4xx_HAL_Driver/Src/stm32l4xx_ll_usb.o
 *fill*         0x08008b72        0x2 
 .text.__NVIC_SetPriority
                0x08008b74       0x54 ./Middlewares/Third_Party/FreeRTOS/Source/CMSIS_RTOS_V2/cmsis_os2.o
 .text.SVC_Setup
                0x08008bc8       0x12 ./Middlewares/Third_Party/FreeRTOS/Source/CMSIS_RTOS_V2/cmsis_os2.o
 *fill*         0x08008bda        0x2 
 .text.osKernelInitialize
                0x08008bdc       0x48 ./Middlewares/Third_Party/FreeRTOS/Source/CMSIS_RTOS_V2/cmsis_os2.o
                0x08008bdc                osKernelInitialize
 .text.osKernelStart
                0x08008c24       0x4c ./Middlewares/Third_Party/FreeRTOS/Source/CMSIS_RTOS_V2/cmsis_os2.o
                0x08008c24                osKernelStart
 .text.osThreadNew
                0x08008c70      0x124 ./Middlewares/Third_Party/FreeRTOS/Source/CMSIS_RTOS_V2/cmsis_os2.o
                0x08008c70                osThreadNew
 .text.osDelay  0x08008d94       0x36 ./Middlewares/Third_Party/FreeRTOS/Source/CMSIS_RTOS_V2/cmsis_os2.o
                0x08008d94                osDelay
 .text.osMutexNew
                0x08008dca      0x10c ./Middlewares/Third_Party/FreeRTOS/Source/CMSIS_RTOS_V2/cmsis_os2.o
                0x08008dca                osMutexNew
 .text.osMutexAcquire
                0x08008ed6       0x96 ./Middlewares/Third_Party/FreeRTOS/Source/CMSIS_RTOS_V2/cmsis_os2.o
                0x08008ed6                osMutexAcquire
 .text.osMutexRelease
                0x08008f6c       0x7a ./Middlewares/Third_Party/FreeRTOS/Source/CMSIS_RTOS_V2/cmsis_os2.o
                0x08008f6c                osMutexRelease
 .text.osSemaphoreNew
                0x08008fe6      0x112 ./Middlewares/Third_Party/FreeRTOS/Source/CMSIS_RTOS_V2/cmsis_os2.o
                0x08008fe6                osSemaphoreNew
 .text.osSemaphoreAcquire
                0x080090f8       0xa4 ./Middlewares/Third_Party/FreeRTOS/Source/CMSIS_RTOS_V2/cmsis_os2.o
                0x080090f8                osSemaphoreAcquire
 .text.osSemaphoreRelease
                0x0800919c       0x88 ./Middlewares/Third_Party/FreeRTOS/Source/CMSIS_RTOS_V2/cmsis_os2.o
                0x0800919c                osSemaphoreRelease
 .text.vApplicationGetIdleTaskMemory
                0x08009224       0x34 ./Middlewares/Third_Party/FreeRTOS/Source/CMSIS_RTOS_V2/cmsis_os2.o
                0x08009224                vApplicationGetIdleTaskMemory
 .text.vApplicationGetTimerTaskMemory
                0x08009258       0x34 ./Middlewares/Third_Party/FreeRTOS/Source/CMSIS_RTOS_V2/cmsis_os2.o
                0x08009258                vApplicationGetTimerTaskMemory
 .text.vListInitialise
                0x0800928c       0x40 ./Middlewares/Third_Party/FreeRTOS/Source/list.o
                0x0800928c                vListInitialise
 .text.vListInitialiseItem
                0x080092cc       0x1a ./Middlewares/Third_Party/FreeRTOS/Source/list.o
                0x080092cc                vListInitialiseItem
 .text.vListInsertEnd
                0x080092e6       0x48 ./Middlewares/Third_Party/FreeRTOS/Source/list.o
                0x080092e6                vListInsertEnd
 .text.vListInsert
                0x0800932e       0x72 ./Middlewares/Third_Party/FreeRTOS/Source/list.o
                0x0800932e                vListInsert
 .text.uxListRemove
                0x080093a0       0x54 ./Middlewares/Third_Party/FreeRTOS/Source/list.o
                0x080093a0                uxListRemove
 .text.xQueueGenericReset
                0x080093f4       0xd4 ./Middlewares/Third_Party/FreeRTOS/Source/queue.o
                0x080093f4                xQueueGenericReset
 .text.xQueueGenericCreateStatic
                0x080094c8       0xfa ./Middlewares/Third_Party/FreeRTOS/Source/queue.o
                0x080094c8                xQueueGenericCreateStatic
 .text.xQueueGenericCreate
                0x080095c2       0x76 ./Middlewares/Third_Party/FreeRTOS/Source/queue.o
                0x080095c2                xQueueGenericCreate
 .text.prvInitialiseNewQueue
                0x08009638       0x46 ./Middlewares/Third_Party/FreeRTOS/Source/queue.o
 .text.prvInitialiseMutex
                0x0800967e       0x34 ./Middlewares/Third_Party/FreeRTOS/Source/queue.o
 .text.xQueueCreateMutex
                0x080096b2       0x30 ./Middlewares/Third_Party/FreeRTOS/Source/queue.o
                0x080096b2                xQueueCreateMutex
 .text.xQueueCreateMutexStatic
                0x080096e2       0x36 ./Middlewares/Third_Party/FreeRTOS/Source/queue.o
                0x080096e2                xQueueCreateMutexStatic
 .text.xQueueGiveMutexRecursive
                0x08009718       0x6a ./Middlewares/Third_Party/FreeRTOS/Source/queue.o
                0x08009718                xQueueGiveMutexRecursive
 .text.xQueueTakeMutexRecursive
                0x08009782       0x6e ./Middlewares/Third_Party/FreeRTOS/Source/queue.o
                0x08009782                xQueueTakeMutexRecursive
 .text.xQueueCreateCountingSemaphoreStatic
                0x080097f0       0x72 ./Middlewares/Third_Party/FreeRTOS/Source/queue.o
                0x080097f0                xQueueCreateCountingSemaphoreStatic
 .text.xQueueCreateCountingSemaphore
                0x08009862       0x6a ./Middlewares/Third_Party/FreeRTOS/Source/queue.o
                0x08009862                xQueueCreateCountingSemaphore
 .text.xQueueGenericSend
                0x080098cc      0x204 ./Middlewares/Third_Party/FreeRTOS/Source/queue.o
                0x080098cc                xQueueGenericSend
 .text.xQueueGenericSendFromISR
                0x08009ad0      0x13c ./Middlewares/Third_Party/FreeRTOS/Source/queue.o
                0x08009ad0                xQueueGenericSendFromISR
 .text.xQueueGiveFromISR
                0x08009c0c      0x120 ./Middlewares/Third_Party/FreeRTOS/Source/queue.o
                0x08009c0c                xQueueGiveFromISR
 .text.xQueueReceive
                0x08009d2c      0x1c4 ./Middlewares/Third_Party/FreeRTOS/Source/queue.o
                0x08009d2c                xQueueReceive
 .text.xQueueSemaphoreTake
                0x08009ef0      0x220 ./Middlewares/Third_Party/FreeRTOS/Source/queue.o
                0x08009ef0                xQueueSemaphoreTake
 .text.xQueueReceiveFromISR
                0x0800a110      0x104 ./Middlewares/Third_Party/FreeRTOS/Source/queue.o
                0x0800a110                xQueueReceiveFromISR
 .text.vQueueDelete
                0x0800a214       0x48 ./Middlewares/Third_Party/FreeRTOS/Source/queue.o
                0x0800a214                vQueueDelete
 .text.prvGetDisinheritPriorityAfterTimeout
                0x0800a25c       0x30 ./Middlewares/Third_Party/FreeRTOS/Source/queue.o
 .text.prvCopyDataToQueue
                0x0800a28c       0xd4 ./Middlewares/Third_Party/FreeRTOS/Source/queue.o
 .text.prvCopyDataFromQueue
                0x0800a360       0x4c ./Middlewares/Third_Party/FreeRTOS/Source/queue.o
 .text.prvUnlockQueue
                0x0800a3ac       0xa4 ./Middlewares/Third_Party/FreeRTOS/Source/queue.o
 .text.prvIsQueueEmpty
                0x0800a450       0x2c ./Middlewares/Third_Party/FreeRTOS/Source/queue.o
 .text.prvIsQueueFull
                0x0800a47c       0x30 ./Middlewares/Third_Party/FreeRTOS/Source/queue.o
 .text.vQueueAddToRegistry
                0x0800a4ac       0x54 ./Middlewares/Third_Party/FreeRTOS/Source/queue.o
                0x0800a4ac                vQueueAddToRegistry
 .text.vQueueUnregisterQueue
                0x0800a500       0x54 ./Middlewares/Third_Party/FreeRTOS/Source/queue.o
                0x0800a500                vQueueUnregisterQueue
 .text.vQueueWaitForMessageRestricted
                0x0800a554       0x68 ./Middlewares/Third_Party/FreeRTOS/Source/queue.o
                0x0800a554                vQueueWaitForMessageRestricted
 .text.xTaskCreateStatic
                0x0800a5bc       0xc0 ./Middlewares/Third_Party/FreeRTOS/Source/tasks.o
                0x0800a5bc                xTaskCreateStatic
 .text.xTaskCreate
                0x0800a67c       0x8a ./Middlewares/Third_Party/FreeRTOS/Source/tasks.o
                0x0800a67c                xTaskCreate
 .text.prvInitialiseNewTask
                0x0800a706      0x120 ./Middlewares/Third_Party/FreeRTOS/Source/tasks.o
 *fill*         0x0800a826        0x2 
 .text.prvAddNewTaskToReadyList
                0x0800a828       0xe0 ./Middlewares/Third_Party/FreeRTOS/Source/tasks.o
 .text.vTaskDelay
                0x0800a908       0x6c ./Middlewares/Third_Party/FreeRTOS/Source/tasks.o
                0x0800a908                vTaskDelay
 .text.vTaskStartScheduler
                0x0800a974       0xd0 ./Middlewares/Third_Party/FreeRTOS/Source/tasks.o
                0x0800a974                vTaskStartScheduler
 .text.vTaskSuspendAll
                0x0800aa44       0x1c ./Middlewares/Third_Party/FreeRTOS/Source/tasks.o
                0x0800aa44                vTaskSuspendAll
 .text.xTaskResumeAll
                0x0800aa60      0x13c ./Middlewares/Third_Party/FreeRTOS/Source/tasks.o
                0x0800aa60                xTaskResumeAll
 .text.xTaskGetTickCount
                0x0800ab9c       0x20 ./Middlewares/Third_Party/FreeRTOS/Source/tasks.o
                0x0800ab9c                xTaskGetTickCount
 .text.xTaskIncrementTick
                0x0800abbc      0x174 ./Middlewares/Third_Party/FreeRTOS/Source/tasks.o
                0x0800abbc                xTaskIncrementTick
 .text.vTaskSwitchContext
                0x0800ad30       0xbc ./Middlewares/Third_Party/FreeRTOS/Source/tasks.o
                0x0800ad30                vTaskSwitchContext
 .text.vTaskPlaceOnEventList
                0x0800adec       0x4c ./Middlewares/Third_Party/FreeRTOS/Source/tasks.o
                0x0800adec                vTaskPlaceOnEventList
 .text.vTaskPlaceOnEventListRestricted
                0x0800ae38       0x58 ./Middlewares/Third_Party/FreeRTOS/Source/tasks.o
                0x0800ae38                vTaskPlaceOnEventListRestricted
 .text.xTaskRemoveFromEventList
                0x0800ae90       0xc8 ./Middlewares/Third_Party/FreeRTOS/Source/tasks.o
                0x0800ae90                xTaskRemoveFromEventList
 .text.vTaskInternalSetTimeOutState
                0x0800af58       0x2c ./Middlewares/Third_Party/FreeRTOS/Source/tasks.o
                0x0800af58                vTaskInternalSetTimeOutState
 .text.xTaskCheckForTimeOut
                0x0800af84       0xc8 ./Middlewares/Third_Party/FreeRTOS/Source/tasks.o
                0x0800af84                xTaskCheckForTimeOut
 .text.vTaskMissedYield
                0x0800b04c       0x18 ./Middlewares/Third_Party/FreeRTOS/Source/tasks.o
                0x0800b04c                vTaskMissedYield
 .text.prvIdleTask
                0x0800b064       0x30 ./Middlewares/Third_Party/FreeRTOS/Source/tasks.o
 .text.prvInitialiseTaskLists
                0x0800b094       0x80 ./Middlewares/Third_Party/FreeRTOS/Source/tasks.o
 .text.prvCheckTasksWaitingTermination
                0x0800b114       0x5c ./Middlewares/Third_Party/FreeRTOS/Source/tasks.o
 .text.prvDeleteTCB
                0x0800b170       0x60 ./Middlewares/Third_Party/FreeRTOS/Source/tasks.o
 .text.prvResetNextTaskUnblockTime
                0x0800b1d0       0x40 ./Middlewares/Third_Party/FreeRTOS/Source/tasks.o
 .text.xTaskGetCurrentTaskHandle
                0x0800b210       0x20 ./Middlewares/Third_Party/FreeRTOS/Source/tasks.o
                0x0800b210                xTaskGetCurrentTaskHandle
 .text.xTaskGetSchedulerState
                0x0800b230       0x3c ./Middlewares/Third_Party/FreeRTOS/Source/tasks.o
                0x0800b230                xTaskGetSchedulerState
 .text.xTaskPriorityInherit
                0x0800b26c       0xd0 ./Middlewares/Third_Party/FreeRTOS/Source/tasks.o
                0x0800b26c                xTaskPriorityInherit
 .text.xTaskPriorityDisinherit
                0x0800b33c       0xe0 ./Middlewares/Third_Party/FreeRTOS/Source/tasks.o
                0x0800b33c                xTaskPriorityDisinherit
 .text.vTaskPriorityDisinheritAfterTimeout
                0x0800b41c      0x108 ./Middlewares/Third_Party/FreeRTOS/Source/tasks.o
                0x0800b41c                vTaskPriorityDisinheritAfterTimeout
 .text.pvTaskIncrementMutexHeldCount
                0x0800b524       0x28 ./Middlewares/Third_Party/FreeRTOS/Source/tasks.o
                0x0800b524                pvTaskIncrementMutexHeldCount
 .text.prvAddCurrentTaskToDelayedList
                0x0800b54c       0xa8 ./Middlewares/Third_Party/FreeRTOS/Source/tasks.o
 .text.xTimerCreateTimerTask
                0x0800b5f4       0x94 ./Middlewares/Third_Party/FreeRTOS/Source/timers.o
                0x0800b5f4                xTimerCreateTimerTask
 .text.xTimerGenericCommand
                0x0800b688       0x9c ./Middlewares/Third_Party/FreeRTOS/Source/timers.o
                0x0800b688                xTimerGenericCommand
 .text.prvProcessExpiredTimer
                0x0800b724       0x9c ./Middlewares/Third_Party/FreeRTOS/Source/timers.o
 .text.prvTimerTask
                0x0800b7c0       0x26 ./Middlewares/Third_Party/FreeRTOS/Source/timers.o
 *fill*         0x0800b7e6        0x2 
 .text.prvProcessTimerOrBlockTask
                0x0800b7e8       0x9c ./Middlewares/Third_Party/FreeRTOS/Source/timers.o
 .text.prvGetNextExpireTime
                0x0800b884       0x48 ./Middlewares/Third_Party/FreeRTOS/Source/timers.o
 .text.prvSampleTimeNow
                0x0800b8cc       0x40 ./Middlewares/Third_Party/FreeRTOS/Source/timers.o
 .text.prvInsertTimerInActiveList
                0x0800b90c       0x84 ./Middlewares/Third_Party/FreeRTOS/Source/timers.o
 .text.prvProcessReceivedCommands
                0x0800b990      0x1cc ./Middlewares/Third_Party/FreeRTOS/Source/timers.o
 .text.prvSwitchTimerLists
                0x0800bb5c       0xcc ./Middlewares/Third_Party/FreeRTOS/Source/timers.o
 .text.prvCheckForValidListAndQueue
                0x0800bc28       0x80 ./Middlewares/Third_Party/FreeRTOS/Source/timers.o
 .text.pxPortInitialiseStack
                0x0800bca8       0x68 ./Middlewares/Third_Party/FreeRTOS/Source/portable/GCC/ARM_CM4F/port.o
                0x0800bca8                pxPortInitialiseStack
 .text.prvTaskExitError
                0x0800bd10       0x5c ./Middlewares/Third_Party/FreeRTOS/Source/portable/GCC/ARM_CM4F/port.o
 *fill*         0x0800bd6c        0x4 
 .text.SVC_Handler
                0x0800bd70       0x28 ./Middlewares/Third_Party/FreeRTOS/Source/portable/GCC/ARM_CM4F/port.o
                0x0800bd70                SVC_Handler
 .text.prvPortStartFirstTask
                0x0800bd98       0x28 ./Middlewares/Third_Party/FreeRTOS/Source/portable/GCC/ARM_CM4F/port.o
 .text.xPortStartScheduler
                0x0800bdc0      0x148 ./Middlewares/Third_Party/FreeRTOS/Source/portable/GCC/ARM_CM4F/port.o
                0x0800bdc0                xPortStartScheduler
 .text.vPortEnterCritical
                0x0800bf08       0x64 ./Middlewares/Third_Party/FreeRTOS/Source/portable/GCC/ARM_CM4F/port.o
                0x0800bf08                vPortEnterCritical
 .text.vPortExitCritical
                0x0800bf6c       0x54 ./Middlewares/Third_Party/FreeRTOS/Source/portable/GCC/ARM_CM4F/port.o
                0x0800bf6c                vPortExitCritical
 .text.PendSV_Handler
                0x0800bfc0       0x68 ./Middlewares/Third_Party/FreeRTOS/Source/portable/GCC/ARM_CM4F/port.o
                0x0800bfc0                PendSV_Handler
 .text.xPortSysTickHandler
                0x0800c028       0x44 ./Middlewares/Third_Party/FreeRTOS/Source/portable/GCC/ARM_CM4F/port.o
                0x0800c028                xPortSysTickHandler
 .text.vPortSetupTimerInterrupt
                0x0800c06c       0x48 ./Middlewares/Third_Party/FreeRTOS/Source/portable/GCC/ARM_CM4F/port.o
                0x0800c06c                vPortSetupTimerInterrupt
 .text.vPortEnableVFP
                0x0800c0b4       0x14 ./Middlewares/Third_Party/FreeRTOS/Source/portable/GCC/ARM_CM4F/port.o
 .text.vPortValidateInterruptPriority
                0x0800c0c8       0x84 ./Middlewares/Third_Party/FreeRTOS/Source/portable/GCC/ARM_CM4F/port.o
                0x0800c0c8                vPortValidateInterruptPriority
 .text.pvPortMalloc
                0x0800c14c      0x19c ./Middlewares/Third_Party/FreeRTOS/Source/portable/MemMang/heap_4.o
                0x0800c14c                pvPortMalloc
 .text.vPortFree
                0x0800c2e8       0xc8 ./Middlewares/Third_Party/FreeRTOS/Source/portable/MemMang/heap_4.o
                0x0800c2e8                vPortFree
 .text.prvHeapInit
                0x0800c3b0       0xc4 ./Middlewares/Third_Party/FreeRTOS/Source/portable/MemMang/heap_4.o
 .text.prvInsertBlockIntoFreeList
                0x0800c474       0xb4 ./Middlewares/Third_Party/FreeRTOS/Source/portable/MemMang/heap_4.o
 .text.std      0x0800c528       0x6c C:/ST/STM32CubeIDE_1.17.0/STM32CubeIDE/plugins/com.st.stm32cube.ide.mcu.externaltools.gnu-tools-for-stm32.12.3.rel1.win32_1.1.0.202410251130/tools/bin/../lib/gcc/arm-none-eabi/12.3.1/../../../../arm-none-eabi/lib/thumb/v7e-m+fp/hard\libc_nano.a(libc_a-findfp.o)
 .text.stdio_exit_handler
                0x0800c594       0x18 C:/ST/STM32CubeIDE_1.17.0/STM32CubeIDE/plugins/com.st.stm32cube.ide.mcu.externaltools.gnu-tools-for-stm32.12.3.rel1.win32_1.1.0.202410251130/tools/bin/../lib/gcc/arm-none-eabi/12.3.1/../../../../arm-none-eabi/lib/thumb/v7e-m+fp/hard\libc_nano.a(libc_a-findfp.o)
 .text.cleanup_stdio
                0x0800c5ac       0x40 C:/ST/STM32CubeIDE_1.17.0/STM32CubeIDE/plugins/com.st.stm32cube.ide.mcu.externaltools.gnu-tools-for-stm32.12.3.rel1.win32_1.1.0.202410251130/tools/bin/../lib/gcc/arm-none-eabi/12.3.1/../../../../arm-none-eabi/lib/thumb/v7e-m+fp/hard\libc_nano.a(libc_a-findfp.o)
 .text.global_stdio_init.part.0
                0x0800c5ec       0x3c C:/ST/STM32CubeIDE_1.17.0/STM32CubeIDE/plugins/com.st.stm32cube.ide.mcu.externaltools.gnu-tools-for-stm32.12.3.rel1.win32_1.1.0.202410251130/tools/bin/../lib/gcc/arm-none-eabi/12.3.1/../../../../arm-none-eabi/lib/thumb/v7e-m+fp/hard\libc_nano.a(libc_a-findfp.o)
 .text.__sfp_lock_acquire
                0x0800c628        0xc C:/ST/STM32CubeIDE_1.17.0/STM32CubeIDE/plugins/com.st.stm32cube.ide.mcu.externaltools.gnu-tools-for-stm32.12.3.rel1.win32_1.1.0.202410251130/tools/bin/../lib/gcc/arm-none-eabi/12.3.1/../../../../arm-none-eabi/lib/thumb/v7e-m+fp/hard\libc_nano.a(libc_a-findfp.o)
                0x0800c628                __sfp_lock_acquire
 .text.__sfp_lock_release
                0x0800c634        0xc C:/ST/STM32CubeIDE_1.17.0/STM32CubeIDE/plugins/com.st.stm32cube.ide.mcu.externaltools.gnu-tools-for-stm32.12.3.rel1.win32_1.1.0.202410251130/tools/bin/../lib/gcc/arm-none-eabi/12.3.1/../../../../arm-none-eabi/lib/thumb/v7e-m+fp/hard\libc_nano.a(libc_a-findfp.o)
                0x0800c634                __sfp_lock_release
 .text.__sinit  0x0800c640       0x30 C:/ST/STM32CubeIDE_1.17.0/STM32CubeIDE/plugins/com.st.stm32cube.ide.mcu.externaltools.gnu-tools-for-stm32.12.3.rel1.win32_1.1.0.202410251130/tools/bin/../lib/gcc/arm-none-eabi/12.3.1/../../../../arm-none-eabi/lib/thumb/v7e-m+fp/hard\libc_nano.a(libc_a-findfp.o)
                0x0800c640                __sinit
 .text._fwalk_sglue
                0x0800c670       0x3c C:/ST/STM32CubeIDE_1.17.0/STM32CubeIDE/plugins/com.st.stm32cube.ide.mcu.externaltools.gnu-tools-for-stm32.12.3.rel1.win32_1.1.0.202410251130/tools/bin/../lib/gcc/arm-none-eabi/12.3.1/../../../../arm-none-eabi/lib/thumb/v7e-m+fp/hard\libc_nano.a(libc_a-fwalk.o)
                0x0800c670                _fwalk_sglue
 .text.printf   0x0800c6ac       0x24 C:/ST/STM32CubeIDE_1.17.0/STM32CubeIDE/plugins/com.st.stm32cube.ide.mcu.externaltools.gnu-tools-for-stm32.12.3.rel1.win32_1.1.0.202410251130/tools/bin/../lib/gcc/arm-none-eabi/12.3.1/../../../../arm-none-eabi/lib/thumb/v7e-m+fp/hard\libc_nano.a(libc_a-printf.o)
                0x0800c6ac                iprintf
                0x0800c6ac                printf
 .text._puts_r  0x0800c6d0       0xaa C:/ST/STM32CubeIDE_1.17.0/STM32CubeIDE/plugins/com.st.stm32cube.ide.mcu.externaltools.gnu-tools-for-stm32.12.3.rel1.win32_1.1.0.202410251130/tools/bin/../lib/gcc/arm-none-eabi/12.3.1/../../../../arm-none-eabi/lib/thumb/v7e-m+fp/hard\libc_nano.a(libc_a-puts.o)
                0x0800c6d0                _puts_r
 *fill*         0x0800c77a        0x2 
 .text.puts     0x0800c77c       0x10 C:/ST/STM32CubeIDE_1.17.0/STM32CubeIDE/plugins/com.st.stm32cube.ide.mcu.externaltools.gnu-tools-for-stm32.12.3.rel1.win32_1.1.0.202410251130/tools/bin/../lib/gcc/arm-none-eabi/12.3.1/../../../../arm-none-eabi/lib/thumb/v7e-m+fp/hard\libc_nano.a(libc_a-puts.o)
                0x0800c77c                puts
 .text.sprintf  0x0800c78c       0x40 C:/ST/STM32CubeIDE_1.17.0/STM32CubeIDE/plugins/com.st.stm32cube.ide.mcu.externaltools.gnu-tools-for-stm32.12.3.rel1.win32_1.1.0.202410251130/tools/bin/../lib/gcc/arm-none-eabi/12.3.1/../../../../arm-none-eabi/lib/thumb/v7e-m+fp/hard\libc_nano.a(libc_a-sprintf.o)
                0x0800c78c                siprintf
                0x0800c78c                sprintf
 .text.sscanf   0x0800c7cc       0x54 C:/ST/STM32CubeIDE_1.17.0/STM32CubeIDE/plugins/com.st.stm32cube.ide.mcu.externaltools.gnu-tools-for-stm32.12.3.rel1.win32_1.1.0.202410251130/tools/bin/../lib/gcc/arm-none-eabi/12.3.1/../../../../arm-none-eabi/lib/thumb/v7e-m+fp/hard\libc_nano.a(libc_a-sscanf.o)
                0x0800c7cc                siscanf
                0x0800c7cc                sscanf
 .text.__sread  0x0800c820       0x22 C:/ST/STM32CubeIDE_1.17.0/STM32CubeIDE/plugins/com.st.stm32cube.ide.mcu.externaltools.gnu-tools-for-stm32.12.3.rel1.win32_1.1.0.202410251130/tools/bin/../lib/gcc/arm-none-eabi/12.3.1/../../../../arm-none-eabi/lib/thumb/v7e-m+fp/hard\libc_nano.a(libc_a-stdio.o)
                0x0800c820                __sread
 .text.__seofread
                0x0800c842        0x4 C:/ST/STM32CubeIDE_1.17.0/STM32CubeIDE/plugins/com.st.stm32cube.ide.mcu.externaltools.gnu-tools-for-stm32.12.3.rel1.win32_1.1.0.202410251130/tools/bin/../lib/gcc/arm-none-eabi/12.3.1/../../../../arm-none-eabi/lib/thumb/v7e-m+fp/hard\libc_nano.a(libc_a-stdio.o)
                0x0800c842                __seofread
 .text.__swrite
                0x0800c846       0x38 C:/ST/STM32CubeIDE_1.17.0/STM32CubeIDE/plugins/com.st.stm32cube.ide.mcu.externaltools.gnu-tools-for-stm32.12.3.rel1.win32_1.1.0.202410251130/tools/bin/../lib/gcc/arm-none-eabi/12.3.1/../../../../arm-none-eabi/lib/thumb/v7e-m+fp/hard\libc_nano.a(libc_a-stdio.o)
                0x0800c846                __swrite
 .text.__sseek  0x0800c87e       0x24 C:/ST/STM32CubeIDE_1.17.0/STM32CubeIDE/plugins/com.st.stm32cube.ide.mcu.externaltools.gnu-tools-for-stm32.12.3.rel1.win32_1.1.0.202410251130/tools/bin/../lib/gcc/arm-none-eabi/12.3.1/../../../../arm-none-eabi/lib/thumb/v7e-m+fp/hard\libc_nano.a(libc_a-stdio.o)
                0x0800c87e                __sseek
 .text.__sclose
                0x0800c8a2        0x8 C:/ST/STM32CubeIDE_1.17.0/STM32CubeIDE/plugins/com.st.stm32cube.ide.mcu.externaltools.gnu-tools-for-stm32.12.3.rel1.win32_1.1.0.202410251130/tools/bin/../lib/gcc/arm-none-eabi/12.3.1/../../../../arm-none-eabi/lib/thumb/v7e-m+fp/hard\libc_nano.a(libc_a-stdio.o)
                0x0800c8a2                __sclose
 .text.__swbuf_r
                0x0800c8aa       0x7c C:/ST/STM32CubeIDE_1.17.0/STM32CubeIDE/plugins/com.st.stm32cube.ide.mcu.externaltools.gnu-tools-for-stm32.12.3.rel1.win32_1.1.0.202410251130/tools/bin/../lib/gcc/arm-none-eabi/12.3.1/../../../../arm-none-eabi/lib/thumb/v7e-m+fp/hard\libc_nano.a(libc_a-wbuf.o)
                0x0800c8aa                __swbuf_r
 *fill*         0x0800c926        0x2 
 .text.__swsetup_r
                0x0800c928       0xac C:/ST/STM32CubeIDE_1.17.0/STM32CubeIDE/plugins/com.st.stm32cube.ide.mcu.externaltools.gnu-tools-for-stm32.12.3.rel1.win32_1.1.0.202410251130/tools/bin/../lib/gcc/arm-none-eabi/12.3.1/../../../../arm-none-eabi/lib/thumb/v7e-m+fp/hard\libc_nano.a(libc_a-wsetup.o)
                0x0800c928                __swsetup_r
 .text.memcmp   0x0800c9d4       0x20 C:/ST/STM32CubeIDE_1.17.0/STM32CubeIDE/plugins/com.st.stm32cube.ide.mcu.externaltools.gnu-tools-for-stm32.12.3.rel1.win32_1.1.0.202410251130/tools/bin/../lib/gcc/arm-none-eabi/12.3.1/../../../../arm-none-eabi/lib/thumb/v7e-m+fp/hard\libc_nano.a(libc_a-memcmp.o)
                0x0800c9d4                memcmp
 .text.memset   0x0800c9f4       0x10 C:/ST/STM32CubeIDE_1.17.0/STM32CubeIDE/plugins/com.st.stm32cube.ide.mcu.externaltools.gnu-tools-for-stm32.12.3.rel1.win32_1.1.0.202410251130/tools/bin/../lib/gcc/arm-none-eabi/12.3.1/../../../../arm-none-eabi/lib/thumb/v7e-m+fp/hard\libc_nano.a(libc_a-memset.o)
                0x0800c9f4                memset
 .text.strncpy  0x0800ca04       0x26 C:/ST/STM32CubeIDE_1.17.0/STM32CubeIDE/plugins/com.st.stm32cube.ide.mcu.externaltools.gnu-tools-for-stm32.12.3.rel1.win32_1.1.0.202410251130/tools/bin/../lib/gcc/arm-none-eabi/12.3.1/../../../../arm-none-eabi/lib/thumb/v7e-m+fp/hard\libc_nano.a(libc_a-strncpy.o)
                0x0800ca04                strncpy
 *fill*         0x0800ca2a        0x2 
 .text.strtok   0x0800ca2c       0x68 C:/ST/STM32CubeIDE_1.17.0/STM32CubeIDE/plugins/com.st.stm32cube.ide.mcu.externaltools.gnu-tools-for-stm32.12.3.rel1.win32_1.1.0.202410251130/tools/bin/../lib/gcc/arm-none-eabi/12.3.1/../../../../arm-none-eabi/lib/thumb/v7e-m+fp/hard\libc_nano.a(libc_a-strtok.o)
                0x0800ca2c                strtok
 .text.__strtok_r
                0x0800ca94       0x50 C:/ST/STM32CubeIDE_1.17.0/STM32CubeIDE/plugins/com.st.stm32cube.ide.mcu.externaltools.gnu-tools-for-stm32.12.3.rel1.win32_1.1.0.202410251130/tools/bin/../lib/gcc/arm-none-eabi/12.3.1/../../../../arm-none-eabi/lib/thumb/v7e-m+fp/hard\libc_nano.a(libc_a-strtok_r.o)
                0x0800ca94                __strtok_r
 .text.strstr   0x0800cae4       0x2c C:/ST/STM32CubeIDE_1.17.0/STM32CubeIDE/plugins/com.st.stm32cube.ide.mcu.externaltools.gnu-tools-for-stm32.12.3.rel1.win32_1.1.0.202410251130/tools/bin/../lib/gcc/arm-none-eabi/12.3.1/../../../../arm-none-eabi/lib/thumb/v7e-m+fp/hard\libc_nano.a(libc_a-strstr.o)
                0x0800cae4                strstr
 .text._close_r
                0x0800cb10       0x20 C:/ST/STM32CubeIDE_1.17.0/STM32CubeIDE/plugins/com.st.stm32cube.ide.mcu.externaltools.gnu-tools-for-stm32.12.3.rel1.win32_1.1.0.202410251130/tools/bin/../lib/gcc/arm-none-eabi/12.3.1/../../../../arm-none-eabi/lib/thumb/v7e-m+fp/hard\libc_nano.a(libc_a-closer.o)
                0x0800cb10                _close_r
 .text._lseek_r
                0x0800cb30       0x24 C:/ST/STM32CubeIDE_1.17.0/STM32CubeIDE/plugins/com.st.stm32cube.ide.mcu.externaltools.gnu-tools-for-stm32.12.3.rel1.win32_1.1.0.202410251130/tools/bin/../lib/gcc/arm-none-eabi/12.3.1/../../../../arm-none-eabi/lib/thumb/v7e-m+fp/hard\libc_nano.a(libc_a-lseekr.o)
                0x0800cb30                _lseek_r
 .text._read_r  0x0800cb54       0x24 C:/ST/STM32CubeIDE_1.17.0/STM32CubeIDE/plugins/com.st.stm32cube.ide.mcu.externaltools.gnu-tools-for-stm32.12.3.rel1.win32_1.1.0.202410251130/tools/bin/../lib/gcc/arm-none-eabi/12.3.1/../../../../arm-none-eabi/lib/thumb/v7e-m+fp/hard\libc_nano.a(libc_a-readr.o)
                0x0800cb54                _read_r
 .text._write_r
                0x0800cb78       0x24 C:/ST/STM32CubeIDE_1.17.0/STM32CubeIDE/plugins/com.st.stm32cube.ide.mcu.externaltools.gnu-tools-for-stm32.12.3.rel1.win32_1.1.0.202410251130/tools/bin/../lib/gcc/arm-none-eabi/12.3.1/../../../../arm-none-eabi/lib/thumb/v7e-m+fp/hard\libc_nano.a(libc_a-writer.o)
                0x0800cb78                _write_r
 .text.__errno  0x0800cb9c        0xc C:/ST/STM32CubeIDE_1.17.0/STM32CubeIDE/plugins/com.st.stm32cube.ide.mcu.externaltools.gnu-tools-for-stm32.12.3.rel1.win32_1.1.0.202410251130/tools/bin/../lib/gcc/arm-none-eabi/12.3.1/../../../../arm-none-eabi/lib/thumb/v7e-m+fp/hard\libc_nano.a(libc_a-errno.o)
                0x0800cb9c                __errno
 .text.__libc_init_array
                0x0800cba8       0x48 C:/ST/STM32CubeIDE_1.17.0/STM32CubeIDE/plugins/com.st.stm32cube.ide.mcu.externaltools.gnu-tools-for-stm32.12.3.rel1.win32_1.1.0.202410251130/tools/bin/../lib/gcc/arm-none-eabi/12.3.1/../../../../arm-none-eabi/lib/thumb/v7e-m+fp/hard\libc_nano.a(libc_a-init.o)
                0x0800cba8                __libc_init_array
 .text.__retarget_lock_init_recursive
                0x0800cbf0        0x2 C:/ST/STM32CubeIDE_1.17.0/STM32CubeIDE/plugins/com.st.stm32cube.ide.mcu.externaltools.gnu-tools-for-stm32.12.3.rel1.win32_1.1.0.202410251130/tools/bin/../lib/gcc/arm-none-eabi/12.3.1/../../../../arm-none-eabi/lib/thumb/v7e-m+fp/hard\libc_nano.a(libc_a-lock.o)
                0x0800cbf0                __retarget_lock_init_recursive
 .text.__retarget_lock_acquire_recursive
                0x0800cbf2        0x2 C:/ST/STM32CubeIDE_1.17.0/STM32CubeIDE/plugins/com.st.stm32cube.ide.mcu.externaltools.gnu-tools-for-stm32.12.3.rel1.win32_1.1.0.202410251130/tools/bin/../lib/gcc/arm-none-eabi/12.3.1/../../../../arm-none-eabi/lib/thumb/v7e-m+fp/hard\libc_nano.a(libc_a-lock.o)
                0x0800cbf2                __retarget_lock_acquire_recursive
 .text.__retarget_lock_release_recursive
                0x0800cbf4        0x2 C:/ST/STM32CubeIDE_1.17.0/STM32CubeIDE/plugins/com.st.stm32cube.ide.mcu.externaltools.gnu-tools-for-stm32.12.3.rel1.win32_1.1.0.202410251130/tools/bin/../lib/gcc/arm-none-eabi/12.3.1/../../../../arm-none-eabi/lib/thumb/v7e-m+fp/hard\libc_nano.a(libc_a-lock.o)
                0x0800cbf4                __retarget_lock_release_recursive
 .text.memcpy   0x0800cbf6       0x1c C:/ST/STM32CubeIDE_1.17.0/STM32CubeIDE/plugins/com.st.stm32cube.ide.mcu.externaltools.gnu-tools-for-stm32.12.3.rel1.win32_1.1.0.202410251130/tools/bin/../lib/gcc/arm-none-eabi/12.3.1/../../../../arm-none-eabi/lib/thumb/v7e-m+fp/hard\libc_nano.a(libc_a-memcpy-stub.o)
                0x0800cbf6                memcpy
 *fill*         0x0800cc12        0x2 
 .text.__assert_func
                0x0800cc14       0x3c C:/ST/STM32CubeIDE_1.17.0/STM32CubeIDE/plugins/com.st.stm32cube.ide.mcu.externaltools.gnu-tools-for-stm32.12.3.rel1.win32_1.1.0.202410251130/tools/bin/../lib/gcc/arm-none-eabi/12.3.1/../../../../arm-none-eabi/lib/thumb/v7e-m+fp/hard\libc_nano.a(libc_a-assert.o)
                0x0800cc14                __assert_func
 .text._free_r  0x0800cc50       0x94 C:/ST/STM32CubeIDE_1.17.0/STM32CubeIDE/plugins/com.st.stm32cube.ide.mcu.externaltools.gnu-tools-for-stm32.12.3.rel1.win32_1.1.0.202410251130/tools/bin/../lib/gcc/arm-none-eabi/12.3.1/../../../../arm-none-eabi/lib/thumb/v7e-m+fp/hard\libc_nano.a(libc_a-freer.o)
                0x0800cc50                _free_r
 .text.malloc   0x0800cce4       0x10 C:/ST/STM32CubeIDE_1.17.0/STM32CubeIDE/plugins/com.st.stm32cube.ide.mcu.externaltools.gnu-tools-for-stm32.12.3.rel1.win32_1.1.0.202410251130/tools/bin/../lib/gcc/arm-none-eabi/12.3.1/../../../../arm-none-eabi/lib/thumb/v7e-m+fp/hard\libc_nano.a(libc_a-malloc.o)
                0x0800cce4                malloc
 .text.sbrk_aligned
                0x0800ccf4       0x44 C:/ST/STM32CubeIDE_1.17.0/STM32CubeIDE/plugins/com.st.stm32cube.ide.mcu.externaltools.gnu-tools-for-stm32.12.3.rel1.win32_1.1.0.202410251130/tools/bin/../lib/gcc/arm-none-eabi/12.3.1/../../../../arm-none-eabi/lib/thumb/v7e-m+fp/hard\libc_nano.a(libc_a-mallocr.o)
 .text._malloc_r
                0x0800cd38      0x100 C:/ST/STM32CubeIDE_1.17.0/STM32CubeIDE/plugins/com.st.stm32cube.ide.mcu.externaltools.gnu-tools-for-stm32.12.3.rel1.win32_1.1.0.202410251130/tools/bin/../lib/gcc/arm-none-eabi/12.3.1/../../../../arm-none-eabi/lib/thumb/v7e-m+fp/hard\libc_nano.a(libc_a-mallocr.o)
                0x0800cd38                _malloc_r
 .text.__malloc_lock
                0x0800ce38        0xc C:/ST/STM32CubeIDE_1.17.0/STM32CubeIDE/plugins/com.st.stm32cube.ide.mcu.externaltools.gnu-tools-for-stm32.12.3.rel1.win32_1.1.0.202410251130/tools/bin/../lib/gcc/arm-none-eabi/12.3.1/../../../../arm-none-eabi/lib/thumb/v7e-m+fp/hard\libc_nano.a(libc_a-mlock.o)
                0x0800ce38                __malloc_lock
 .text.__malloc_unlock
                0x0800ce44        0xc C:/ST/STM32CubeIDE_1.17.0/STM32CubeIDE/plugins/com.st.stm32cube.ide.mcu.externaltools.gnu-tools-for-stm32.12.3.rel1.win32_1.1.0.202410251130/tools/bin/../lib/gcc/arm-none-eabi/12.3.1/../../../../arm-none-eabi/lib/thumb/v7e-m+fp/hard\libc_nano.a(libc_a-mlock.o)
                0x0800ce44                __malloc_unlock
 .text.__ssputs_r
                0x0800ce50       0xb6 C:/ST/STM32CubeIDE_1.17.0/STM32CubeIDE/plugins/com.st.stm32cube.ide.mcu.externaltools.gnu-tools-for-stm32.12.3.rel1.win32_1.1.0.202410251130/tools/bin/../lib/gcc/arm-none-eabi/12.3.1/../../../../arm-none-eabi/lib/thumb/v7e-m+fp/hard\libc_nano.a(libc_a-nano-svfprintf.o)
                0x0800ce50                __ssputs_r
 *fill*         0x0800cf06        0x2 
 .text._svfprintf_r
                0x0800cf08      0x1f8 C:/ST/STM32CubeIDE_1.17.0/STM32CubeIDE/plugins/com.st.stm32cube.ide.mcu.externaltools.gnu-tools-for-stm32.12.3.rel1.win32_1.1.0.202410251130/tools/bin/../lib/gcc/arm-none-eabi/12.3.1/../../../../arm-none-eabi/lib/thumb/v7e-m+fp/hard\libc_nano.a(libc_a-nano-svfprintf.o)
                0x0800cf08                _svfiprintf_r
                0x0800cf08                _svfprintf_r
 .text._sungetc_r
                0x0800d100       0x76 C:/ST/STM32CubeIDE_1.17.0/STM32CubeIDE/plugins/com.st.stm32cube.ide.mcu.externaltools.gnu-tools-for-stm32.12.3.rel1.win32_1.1.0.202410251130/tools/bin/../lib/gcc/arm-none-eabi/12.3.1/../../../../arm-none-eabi/lib/thumb/v7e-m+fp/hard\libc_nano.a(libc_a-nano-svfscanf.o)
                0x0800d100                _sungetc_r
 .text.__ssrefill_r
                0x0800d176       0x3a C:/ST/STM32CubeIDE_1.17.0/STM32CubeIDE/plugins/com.st.stm32cube.ide.mcu.externaltools.gnu-tools-for-stm32.12.3.rel1.win32_1.1.0.202410251130/tools/bin/../lib/gcc/arm-none-eabi/12.3.1/../../../../arm-none-eabi/lib/thumb/v7e-m+fp/hard\libc_nano.a(libc_a-nano-svfscanf.o)
                0x0800d176                __ssrefill_r
 .text.__ssvfscanf_r
                0x0800d1b0      0x2e8 C:/ST/STM32CubeIDE_1.17.0/STM32CubeIDE/plugins/com.st.stm32cube.ide.mcu.externaltools.gnu-tools-for-stm32.12.3.rel1.win32_1.1.0.202410251130/tools/bin/../lib/gcc/arm-none-eabi/12.3.1/../../../../arm-none-eabi/lib/thumb/v7e-m+fp/hard\libc_nano.a(libc_a-nano-svfscanf.o)
                0x0800d1b0                __ssvfiscanf_r
                0x0800d1b0                __ssvfscanf_r
 .text.__sfputc_r
                0x0800d498       0x2e C:/ST/STM32CubeIDE_1.17.0/STM32CubeIDE/plugins/com.st.stm32cube.ide.mcu.externaltools.gnu-tools-for-stm32.12.3.rel1.win32_1.1.0.202410251130/tools/bin/../lib/gcc/arm-none-eabi/12.3.1/../../../../arm-none-eabi/lib/thumb/v7e-m+fp/hard\libc_nano.a(libc_a-nano-vfprintf.o)
 .text.__sfputs_r
                0x0800d4c6       0x24 C:/ST/STM32CubeIDE_1.17.0/STM32CubeIDE/plugins/com.st.stm32cube.ide.mcu.externaltools.gnu-tools-for-stm32.12.3.rel1.win32_1.1.0.202410251130/tools/bin/../lib/gcc/arm-none-eabi/12.3.1/../../../../arm-none-eabi/lib/thumb/v7e-m+fp/hard\libc_nano.a(libc_a-nano-vfprintf.o)
                0x0800d4c6                __sfputs_r
 *fill*         0x0800d4ea        0x2 
 .text._vfprintf_r
                0x0800d4ec      0x230 C:/ST/STM32CubeIDE_1.17.0/STM32CubeIDE/plugins/com.st.stm32cube.ide.mcu.externaltools.gnu-tools-for-stm32.12.3.rel1.win32_1.1.0.202410251130/tools/bin/../lib/gcc/arm-none-eabi/12.3.1/../../../../arm-none-eabi/lib/thumb/v7e-m+fp/hard\libc_nano.a(libc_a-nano-vfprintf.o)
                0x0800d4ec                _vfprintf_r
                0x0800d4ec                _vfiprintf_r
 .text._printf_common
                0x0800d71c       0xda C:/ST/STM32CubeIDE_1.17.0/STM32CubeIDE/plugins/com.st.stm32cube.ide.mcu.externaltools.gnu-tools-for-stm32.12.3.rel1.win32_1.1.0.202410251130/tools/bin/../lib/gcc/arm-none-eabi/12.3.1/../../../../arm-none-eabi/lib/thumb/v7e-m+fp/hard\libc_nano.a(libc_a-nano-vfprintf_i.o)
                0x0800d71c                _printf_common
 *fill*         0x0800d7f6        0x2 
 .text._printf_i
                0x0800d7f8      0x240 C:/ST/STM32CubeIDE_1.17.0/STM32CubeIDE/plugins/com.st.stm32cube.ide.mcu.externaltools.gnu-tools-for-stm32.12.3.rel1.win32_1.1.0.202410251130/tools/bin/../lib/gcc/arm-none-eabi/12.3.1/../../../../arm-none-eabi/lib/thumb/v7e-m+fp/hard\libc_nano.a(libc_a-nano-vfprintf_i.o)
                0x0800d7f8                _printf_i
 .text._scanf_chars
                0x0800da38       0xb4 C:/ST/STM32CubeIDE_1.17.0/STM32CubeIDE/plugins/com.st.stm32cube.ide.mcu.externaltools.gnu-tools-for-stm32.12.3.rel1.win32_1.1.0.202410251130/tools/bin/../lib/gcc/arm-none-eabi/12.3.1/../../../../arm-none-eabi/lib/thumb/v7e-m+fp/hard\libc_nano.a(libc_a-nano-vfscanf_i.o)
                0x0800da38                _scanf_chars
 .text._scanf_i
                0x0800daec      0x1e8 C:/ST/STM32CubeIDE_1.17.0/STM32CubeIDE/plugins/com.st.stm32cube.ide.mcu.externaltools.gnu-tools-for-stm32.12.3.rel1.win32_1.1.0.202410251130/tools/bin/../lib/gcc/arm-none-eabi/12.3.1/../../../../arm-none-eabi/lib/thumb/v7e-m+fp/hard\libc_nano.a(libc_a-nano-vfscanf_i.o)
                0x0800daec                _scanf_i
 .text.__sflush_r
                0x0800dcd4      0x108 C:/ST/STM32CubeIDE_1.17.0/STM32CubeIDE/plugins/com.st.stm32cube.ide.mcu.externaltools.gnu-tools-for-stm32.12.3.rel1.win32_1.1.0.202410251130/tools/bin/../lib/gcc/arm-none-eabi/12.3.1/../../../../arm-none-eabi/lib/thumb/v7e-m+fp/hard\libc_nano.a(libc_a-fflush.o)
                0x0800dcd4                __sflush_r
 .text._fflush_r
                0x0800dddc       0x50 C:/ST/STM32CubeIDE_1.17.0/STM32CubeIDE/plugins/com.st.stm32cube.ide.mcu.externaltools.gnu-tools-for-stm32.12.3.rel1.win32_1.1.0.202410251130/tools/bin/../lib/gcc/arm-none-eabi/12.3.1/../../../../arm-none-eabi/lib/thumb/v7e-m+fp/hard\libc_nano.a(libc_a-fflush.o)
                0x0800dddc                _fflush_r
 .text.fprintf  0x0800de2c       0x24 C:/ST/STM32CubeIDE_1.17.0/STM32CubeIDE/plugins/com.st.stm32cube.ide.mcu.externaltools.gnu-tools-for-stm32.12.3.rel1.win32_1.1.0.202410251130/tools/bin/../lib/gcc/arm-none-eabi/12.3.1/../../../../arm-none-eabi/lib/thumb/v7e-m+fp/hard\libc_nano.a(libc_a-fprintf.o)
                0x0800de2c                fiprintf
                0x0800de2c                fprintf
 .text.__swhatbuf_r
                0x0800de50       0x4c C:/ST/STM32CubeIDE_1.17.0/STM32CubeIDE/plugins/com.st.stm32cube.ide.mcu.externaltools.gnu-tools-for-stm32.12.3.rel1.win32_1.1.0.202410251130/tools/bin/../lib/gcc/arm-none-eabi/12.3.1/../../../../arm-none-eabi/lib/thumb/v7e-m+fp/hard\libc_nano.a(libc_a-makebuf.o)
                0x0800de50                __swhatbuf_r
 .text.__smakebuf_r
                0x0800de9c       0x78 C:/ST/STM32CubeIDE_1.17.0/STM32CubeIDE/plugins/com.st.stm32cube.ide.mcu.externaltools.gnu-tools-for-stm32.12.3.rel1.win32_1.1.0.202410251130/tools/bin/../lib/gcc/arm-none-eabi/12.3.1/../../../../arm-none-eabi/lib/thumb/v7e-m+fp/hard\libc_nano.a(libc_a-makebuf.o)
                0x0800de9c                __smakebuf_r
 .text.__sccl   0x0800df14       0x72 C:/ST/STM32CubeIDE_1.17.0/STM32CubeIDE/plugins/com.st.stm32cube.ide.mcu.externaltools.gnu-tools-for-stm32.12.3.rel1.win32_1.1.0.202410251130/tools/bin/../lib/gcc/arm-none-eabi/12.3.1/../../../../arm-none-eabi/lib/thumb/v7e-m+fp/hard\libc_nano.a(libc_a-sccl.o)
                0x0800df14                __sccl
 .text.__submore
                0x0800df86       0x74 C:/ST/STM32CubeIDE_1.17.0/STM32CubeIDE/plugins/com.st.stm32cube.ide.mcu.externaltools.gnu-tools-for-stm32.12.3.rel1.win32_1.1.0.202410251130/tools/bin/../lib/gcc/arm-none-eabi/12.3.1/../../../../arm-none-eabi/lib/thumb/v7e-m+fp/hard\libc_nano.a(libc_a-ungetc.o)
                0x0800df86                __submore
 .text.memmove  0x0800dffa       0x34 C:/ST/STM32CubeIDE_1.17.0/STM32CubeIDE/plugins/com.st.stm32cube.ide.mcu.externaltools.gnu-tools-for-stm32.12.3.rel1.win32_1.1.0.202410251130/tools/bin/../lib/gcc/arm-none-eabi/12.3.1/../../../../arm-none-eabi/lib/thumb/v7e-m+fp/hard\libc_nano.a(libc_a-memmove.o)
                0x0800dffa                memmove
 *fill*         0x0800e02e        0x2 
 .text._fstat_r
                0x0800e030       0x24 C:/ST/STM32CubeIDE_1.17.0/STM32CubeIDE/plugins/com.st.stm32cube.ide.mcu.externaltools.gnu-tools-for-stm32.12.3.rel1.win32_1.1.0.202410251130/tools/bin/../lib/gcc/arm-none-eabi/12.3.1/../../../../arm-none-eabi/lib/thumb/v7e-m+fp/hard\libc_nano.a(libc_a-fstatr.o)
                0x0800e030                _fstat_r
 .text._isatty_r
                0x0800e054       0x20 C:/ST/STM32CubeIDE_1.17.0/STM32CubeIDE/plugins/com.st.stm32cube.ide.mcu.externaltools.gnu-tools-for-stm32.12.3.rel1.win32_1.1.0.202410251130/tools/bin/../lib/gcc/arm-none-eabi/12.3.1/../../../../arm-none-eabi/lib/thumb/v7e-m+fp/hard\libc_nano.a(libc_a-isattyr.o)
                0x0800e054                _isatty_r
 .text._sbrk_r  0x0800e074       0x20 C:/ST/STM32CubeIDE_1.17.0/STM32CubeIDE/plugins/com.st.stm32cube.ide.mcu.externaltools.gnu-tools-for-stm32.12.3.rel1.win32_1.1.0.202410251130/tools/bin/../lib/gcc/arm-none-eabi/12.3.1/../../../../arm-none-eabi/lib/thumb/v7e-m+fp/hard\libc_nano.a(libc_a-sbrkr.o)
                0x0800e074                _sbrk_r
 .text.abort    0x0800e094        0xe C:/ST/STM32CubeIDE_1.17.0/STM32CubeIDE/plugins/com.st.stm32cube.ide.mcu.externaltools.gnu-tools-for-stm32.12.3.rel1.win32_1.1.0.202410251130/tools/bin/../lib/gcc/arm-none-eabi/12.3.1/../../../../arm-none-eabi/lib/thumb/v7e-m+fp/hard\libc_nano.a(libc_a-abort.o)
                0x0800e094                abort
 .text._realloc_r
                0x0800e0a2       0x5c C:/ST/STM32CubeIDE_1.17.0/STM32CubeIDE/plugins/com.st.stm32cube.ide.mcu.externaltools.gnu-tools-for-stm32.12.3.rel1.win32_1.1.0.202410251130/tools/bin/../lib/gcc/arm-none-eabi/12.3.1/../../../../arm-none-eabi/lib/thumb/v7e-m+fp/hard\libc_nano.a(libc_a-reallocr.o)
                0x0800e0a2                _realloc_r
 *fill*         0x0800e0fe        0x2 
 .text._strtol_l.constprop.0
                0x0800e100       0xf4 C:/ST/STM32CubeIDE_1.17.0/STM32CubeIDE/plugins/com.st.stm32cube.ide.mcu.externaltools.gnu-tools-for-stm32.12.3.rel1.win32_1.1.0.202410251130/tools/bin/../lib/gcc/arm-none-eabi/12.3.1/../../../../arm-none-eabi/lib/thumb/v7e-m+fp/hard\libc_nano.a(libc_a-strtol.o)
 .text._strtol_r
                0x0800e1f4        0x4 C:/ST/STM32CubeIDE_1.17.0/STM32CubeIDE/plugins/com.st.stm32cube.ide.mcu.externaltools.gnu-tools-for-stm32.12.3.rel1.win32_1.1.0.202410251130/tools/bin/../lib/gcc/arm-none-eabi/12.3.1/../../../../arm-none-eabi/lib/thumb/v7e-m+fp/hard\libc_nano.a(libc_a-strtol.o)
                0x0800e1f4                _strtol_r
 .text._strtoul_l.constprop.0
                0x0800e1f8       0xdc C:/ST/STM32CubeIDE_1.17.0/STM32CubeIDE/plugins/com.st.stm32cube.ide.mcu.externaltools.gnu-tools-for-stm32.12.3.rel1.win32_1.1.0.202410251130/tools/bin/../lib/gcc/arm-none-eabi/12.3.1/../../../../arm-none-eabi/lib/thumb/v7e-m+fp/hard\libc_nano.a(libc_a-strtoul.o)
 .text._strtoul_r
                0x0800e2d4        0x4 C:/ST/STM32CubeIDE_1.17.0/STM32CubeIDE/plugins/com.st.stm32cube.ide.mcu.externaltools.gnu-tools-for-stm32.12.3.rel1.win32_1.1.0.202410251130/tools/bin/../lib/gcc/arm-none-eabi/12.3.1/../../../../arm-none-eabi/lib/thumb/v7e-m+fp/hard\libc_nano.a(libc_a-strtoul.o)
                0x0800e2d4                _strtoul_r
 .text._raise_r
                0x0800e2d8       0x50 C:/ST/STM32CubeIDE_1.17.0/STM32CubeIDE/plugins/com.st.stm32cube.ide.mcu.externaltools.gnu-tools-for-stm32.12.3.rel1.win32_1.1.0.202410251130/tools/bin/../lib/gcc/arm-none-eabi/12.3.1/../../../../arm-none-eabi/lib/thumb/v7e-m+fp/hard\libc_nano.a(libc_a-signal.o)
                0x0800e2d8                _raise_r
 .text.raise    0x0800e328       0x10 C:/ST/STM32CubeIDE_1.17.0/STM32CubeIDE/plugins/com.st.stm32cube.ide.mcu.externaltools.gnu-tools-for-stm32.12.3.rel1.win32_1.1.0.202410251130/tools/bin/../lib/gcc/arm-none-eabi/12.3.1/../../../../arm-none-eabi/lib/thumb/v7e-m+fp/hard\libc_nano.a(libc_a-signal.o)
                0x0800e328                raise
 .text._kill_r  0x0800e338       0x24 C:/ST/STM32CubeIDE_1.17.0/STM32CubeIDE/plugins/com.st.stm32cube.ide.mcu.externaltools.gnu-tools-for-stm32.12.3.rel1.win32_1.1.0.202410251130/tools/bin/../lib/gcc/arm-none-eabi/12.3.1/../../../../arm-none-eabi/lib/thumb/v7e-m+fp/hard\libc_nano.a(libc_a-signalr.o)
                0x0800e338                _kill_r
 .text._getpid_r
                0x0800e35c        0x4 C:/ST/STM32CubeIDE_1.17.0/STM32CubeIDE/plugins/com.st.stm32cube.ide.mcu.externaltools.gnu-tools-for-stm32.12.3.rel1.win32_1.1.0.202410251130/tools/bin/../lib/gcc/arm-none-eabi/12.3.1/../../../../arm-none-eabi/lib/thumb/v7e-m+fp/hard\libc_nano.a(libc_a-signalr.o)
                0x0800e35c                _getpid_r
 .text._malloc_usable_size_r
                0x0800e360       0x10 C:/ST/STM32CubeIDE_1.17.0/STM32CubeIDE/plugins/com.st.stm32cube.ide.mcu.externaltools.gnu-tools-for-stm32.12.3.rel1.win32_1.1.0.202410251130/tools/bin/../lib/gcc/arm-none-eabi/12.3.1/../../../../arm-none-eabi/lib/thumb/v7e-m+fp/hard\libc_nano.a(libc_a-msizer.o)
                0x0800e360                _malloc_usable_size_r
 *(.glue_7)
 .glue_7        0x0800e370        0x0 linker stubs
 *(.glue_7t)
 .glue_7t       0x0800e370        0x0 linker stubs
 *(.eh_frame)
 .eh_frame      0x0800e370        0x0 C:/ST/STM32CubeIDE_1.17.0/STM32CubeIDE/plugins/com.st.stm32cube.ide.mcu.externaltools.gnu-tools-for-stm32.12.3.rel1.win32_1.1.0.202410251130/tools/bin/../lib/gcc/arm-none-eabi/12.3.1/thumb/v7e-m+fp/hard/crtbegin.o
 *(.init)
 .init          0x0800e370        0x4 C:/ST/STM32CubeIDE_1.17.0/STM32CubeIDE/plugins/com.st.stm32cube.ide.mcu.externaltools.gnu-tools-for-stm32.12.3.rel1.win32_1.1.0.202410251130/tools/bin/../lib/gcc/arm-none-eabi/12.3.1/thumb/v7e-m+fp/hard/crti.o
                0x0800e370                _init
 .init          0x0800e374        0x8 C:/ST/STM32CubeIDE_1.17.0/STM32CubeIDE/plugins/com.st.stm32cube.ide.mcu.externaltools.gnu-tools-for-stm32.12.3.rel1.win32_1.1.0.202410251130/tools/bin/../lib/gcc/arm-none-eabi/12.3.1/thumb/v7e-m+fp/hard/crtn.o
 *(.fini)
 .fini          0x0800e37c        0x4 C:/ST/STM32CubeIDE_1.17.0/STM32CubeIDE/plugins/com.st.stm32cube.ide.mcu.externaltools.gnu-tools-for-stm32.12.3.rel1.win32_1.1.0.202410251130/tools/bin/../lib/gcc/arm-none-eabi/12.3.1/thumb/v7e-m+fp/hard/crti.o
                0x0800e37c                _fini
 .fini          0x0800e380        0x8 C:/ST/STM32CubeIDE_1.17.0/STM32CubeIDE/plugins/com.st.stm32cube.ide.mcu.externaltools.gnu-tools-for-stm32.12.3.rel1.win32_1.1.0.202410251130/tools/bin/../lib/gcc/arm-none-eabi/12.3.1/thumb/v7e-m+fp/hard/crtn.o
                0x0800e388                        . = ALIGN (0x4)
                0x0800e388                        _etext = .

.vfp11_veneer   0x0800e388        0x0
 .vfp11_veneer  0x0800e388        0x0 linker stubs

.v4_bx          0x0800e388        0x0
 .v4_bx         0x0800e388        0x0 linker stubs

.iplt           0x0800e388        0x0
 .iplt          0x0800e388        0x0 C:/ST/STM32CubeIDE_1.17.0/STM32CubeIDE/plugins/com.st.stm32cube.ide.mcu.externaltools.gnu-tools-for-stm32.12.3.rel1.win32_1.1.0.202410251130/tools/bin/../lib/gcc/arm-none-eabi/12.3.1/thumb/v7e-m+fp/hard/crtbegin.o

.rodata         0x0800e388      0xc50
                0x0800e388                        . = ALIGN (0x4)
 *(.rodata)
 .rodata        0x0800e388      0x450 ./Core/Src/main.o
 .rodata        0x0800e7d8      0x4b6 ./Core/WIFI/es_wifi.o
 *fill*         0x0800ec8e        0x2 
 .rodata        0x0800ec90        0x5 ./Middlewares/Third_Party/FreeRTOS/Source/tasks.o
 *fill*         0x0800ec95        0x3 
 .rodata        0x0800ec98        0xd ./Middlewares/Third_Party/FreeRTOS/Source/timers.o
 *fill*         0x0800eca5        0x3 
 .rodata        0x0800eca8        0xc C:/ST/STM32CubeIDE_1.17.0/STM32CubeIDE/plugins/com.st.stm32cube.ide.mcu.externaltools.gnu-tools-for-stm32.12.3.rel1.win32_1.1.0.202410251130/tools/bin/../lib/gcc/arm-none-eabi/12.3.1/../../../../arm-none-eabi/lib/thumb/v7e-m+fp/hard\libc_nano.a(libc_a-nano-vfscanf_i.o)
 *(.rodata*)
 .rodata.storingTask_attributes
                0x0800ecb4       0x24 ./Core/Src/main.o
                0x0800ecb4                storingTask_attributes
 .rodata.depositTask_attributes
                0x0800ecd8       0x24 ./Core/Src/main.o
                0x0800ecd8                depositTask_attributes
 .rodata.storingStopTask_attributes
                0x0800ecfc       0x24 ./Core/Src/main.o
                0x0800ecfc                storingStopTask_attributes
 .rodata.receiveWIFI_attributes
                0x0800ed20       0x24 ./Core/Src/main.o
                0x0800ed20                receiveWIFI_attributes
 .rodata.WIFIsocket_attributes
                0x0800ed44       0x10 ./Core/Src/main.o
                0x0800ed44                WIFIsocket_attributes
 .rodata.taskSem_attributes
                0x0800ed54       0x10 ./Core/Src/main.o
                0x0800ed54                taskSem_attributes
 .rodata.storeStart_attributes
                0x0800ed64       0x10 ./Core/Src/main.o
                0x0800ed64                storeStart_attributes
 .rodata.storeStop_attributes
                0x0800ed74       0x10 ./Core/Src/main.o
                0x0800ed74                storeStop_attributes
 .rodata.depositStart_attributes
                0x0800ed84       0x10 ./Core/Src/main.o
                0x0800ed84                depositStart_attributes
 .rodata.AHBPrescTable
                0x0800ed94       0x10 ./Core/Src/system_stm32l4xx.o
                0x0800ed94                AHBPrescTable
 .rodata.APBPrescTable
                0x0800eda4        0x8 ./Core/Src/system_stm32l4xx.o
                0x0800eda4                APBPrescTable
 .rodata.MSIRangeTable
                0x0800edac       0x30 ./Core/Src/system_stm32l4xx.o
                0x0800edac                MSIRangeTable
 .rodata.strtok.str1.1
                0x0800eddc       0x71 C:/ST/STM32CubeIDE_1.17.0/STM32CubeIDE/plugins/com.st.stm32cube.ide.mcu.externaltools.gnu-tools-for-stm32.12.3.rel1.win32_1.1.0.202410251130/tools/bin/../lib/gcc/arm-none-eabi/12.3.1/../../../../arm-none-eabi/lib/thumb/v7e-m+fp/hard\libc_nano.a(libc_a-strtok.o)
 .rodata.__assert_func.str1.1
                0x0800ee4d       0x3c C:/ST/STM32CubeIDE_1.17.0/STM32CubeIDE/plugins/com.st.stm32cube.ide.mcu.externaltools.gnu-tools-for-stm32.12.3.rel1.win32_1.1.0.202410251130/tools/bin/../lib/gcc/arm-none-eabi/12.3.1/../../../../arm-none-eabi/lib/thumb/v7e-m+fp/hard\libc_nano.a(libc_a-assert.o)
                                 0x3d (size before relaxing)
 .rodata._svfprintf_r.str1.1
                0x0800ee89       0x11 C:/ST/STM32CubeIDE_1.17.0/STM32CubeIDE/plugins/com.st.stm32cube.ide.mcu.externaltools.gnu-tools-for-stm32.12.3.rel1.win32_1.1.0.202410251130/tools/bin/../lib/gcc/arm-none-eabi/12.3.1/../../../../arm-none-eabi/lib/thumb/v7e-m+fp/hard\libc_nano.a(libc_a-nano-svfprintf.o)
 .rodata.__ssvfscanf_r.str1.1
                0x0800ee9a        0x4 C:/ST/STM32CubeIDE_1.17.0/STM32CubeIDE/plugins/com.st.stm32cube.ide.mcu.externaltools.gnu-tools-for-stm32.12.3.rel1.win32_1.1.0.202410251130/tools/bin/../lib/gcc/arm-none-eabi/12.3.1/../../../../arm-none-eabi/lib/thumb/v7e-m+fp/hard\libc_nano.a(libc_a-nano-svfscanf.o)
 .rodata._vfprintf_r.str1.1
                0x0800ee9a       0x11 C:/ST/STM32CubeIDE_1.17.0/STM32CubeIDE/plugins/com.st.stm32cube.ide.mcu.externaltools.gnu-tools-for-stm32.12.3.rel1.win32_1.1.0.202410251130/tools/bin/../lib/gcc/arm-none-eabi/12.3.1/../../../../arm-none-eabi/lib/thumb/v7e-m+fp/hard\libc_nano.a(libc_a-nano-vfprintf.o)
 .rodata._printf_i.str1.1
                0x0800ee9a       0x22 C:/ST/STM32CubeIDE_1.17.0/STM32CubeIDE/plugins/com.st.stm32cube.ide.mcu.externaltools.gnu-tools-for-stm32.12.3.rel1.win32_1.1.0.202410251130/tools/bin/../lib/gcc/arm-none-eabi/12.3.1/../../../../arm-none-eabi/lib/thumb/v7e-m+fp/hard\libc_nano.a(libc_a-nano-vfprintf_i.o)
 .rodata._scanf_i.str1.1
                0x0800eebc       0x12 C:/ST/STM32CubeIDE_1.17.0/STM32CubeIDE/plugins/com.st.stm32cube.ide.mcu.externaltools.gnu-tools-for-stm32.12.3.rel1.win32_1.1.0.202410251130/tools/bin/../lib/gcc/arm-none-eabi/12.3.1/../../../../arm-none-eabi/lib/thumb/v7e-m+fp/hard\libc_nano.a(libc_a-nano-vfscanf_i.o)
 .rodata.str1.1
                0x0800eece        0x9 C:/ST/STM32CubeIDE_1.17.0/STM32CubeIDE/plugins/com.st.stm32cube.ide.mcu.externaltools.gnu-tools-for-stm32.12.3.rel1.win32_1.1.0.202410251130/tools/bin/../lib/gcc/arm-none-eabi/12.3.1/../../../../arm-none-eabi/lib/thumb/v7e-m+fp/hard\libc_nano.a(libc_a-nano-vfscanf_i.o)
 .rodata._ctype_