../Core/Src/main.c:113:5:__io_putchar	16	static
../Core/Src/main.c:118:6:Set_Servo_Angle	32	static
../Core/Src/main.c:131:5:main	48	static
../Core/Src/main.c:374:6:SystemClock_Config	96	static
../Core/Src/main.c:435:13:MX_DFSDM1_Init	8	static
../Core/Src/main.c:473:13:MX_I2C2_Init	8	static
../Core/Src/main.c:521:13:MX_QUADSPI_Init	8	static
../Core/Src/main.c:554:13:MX_SPI1_Init	8	static
../Core/Src/main.c:594:13:MX_SPI3_Init	8	static
../Core/Src/main.c:634:13:MX_TIM2_Init	64	static
../Core/Src/main.c:701:13:MX_TIM3_Init	64	static
../Core/Src/main.c:764:13:MX_USART1_UART_Init	8	static
../Core/Src/main.c:799:13:MX_USART3_UART_Init	8	static
../Core/Src/main.c:834:13:MX_USB_OTG_FS_PCD_Init	8	static
../Core/Src/main.c:869:13:MX_GPIO_Init	48	static
../Core/Src/main.c:1027:6:HAL_GPIO_EXTI_Callback	16	static
../Core/Src/main.c:1056:6:SPI3_IRQHandler	8	static
../Core/Src/main.c:1066:6:Error_Handler	4	static,ignoring_inline_asm
